Archive member included to satisfy reference by file (symbol)

c:/renesas/ra/e2studio_v2023-10_fsp_v5.0.0-beta.2/toolchains/gcc_arm/12.2.mpacbti-rel1/bin/../lib/gcc/arm-none-eabi/12.2.1/thumb/v8-m.main+fp/hard\libg_nano.a(libc_a-exit.o)
                              c:/renesas/ra/e2studio_v2023-10_fsp_v5.0.0-beta.2/toolchains/gcc_arm/12.2.mpacbti-rel1/bin/../lib/gcc/arm-none-eabi/12.2.1/thumb/v8-m.main+fp/hard/rdimon-crt0.o (exit)
c:/renesas/ra/e2studio_v2023-10_fsp_v5.0.0-beta.2/toolchains/gcc_arm/12.2.mpacbti-rel1/bin/../lib/gcc/arm-none-eabi/12.2.1/thumb/v8-m.main+fp/hard\libg_nano.a(libc_a-findfp.o)
                              c:/renesas/ra/e2studio_v2023-10_fsp_v5.0.0-beta.2/toolchains/gcc_arm/12.2.mpacbti-rel1/bin/../lib/gcc/arm-none-eabi/12.2.1/thumb/v8-m.main+fp/hard\libg_nano.a(libc_a-exit.o) (__stdio_exit_handler)
c:/renesas/ra/e2studio_v2023-10_fsp_v5.0.0-beta.2/toolchains/gcc_arm/12.2.mpacbti-rel1/bin/../lib/gcc/arm-none-eabi/12.2.1/thumb/v8-m.main+fp/hard\libg_nano.a(libc_a-fwalk.o)
                              c:/renesas/ra/e2studio_v2023-10_fsp_v5.0.0-beta.2/toolchains/gcc_arm/12.2.mpacbti-rel1/bin/../lib/gcc/arm-none-eabi/12.2.1/thumb/v8-m.main+fp/hard\libg_nano.a(libc_a-findfp.o) (_fwalk_sglue)
c:/renesas/ra/e2studio_v2023-10_fsp_v5.0.0-beta.2/toolchains/gcc_arm/12.2.mpacbti-rel1/bin/../lib/gcc/arm-none-eabi/12.2.1/thumb/v8-m.main+fp/hard\libg_nano.a(libc_a-stdio.o)
                              c:/renesas/ra/e2studio_v2023-10_fsp_v5.0.0-beta.2/toolchains/gcc_arm/12.2.mpacbti-rel1/bin/../lib/gcc/arm-none-eabi/12.2.1/thumb/v8-m.main+fp/hard\libg_nano.a(libc_a-findfp.o) (__sread)
c:/renesas/ra/e2studio_v2023-10_fsp_v5.0.0-beta.2/toolchains/gcc_arm/12.2.mpacbti-rel1/bin/../lib/gcc/arm-none-eabi/12.2.1/thumb/v8-m.main+fp/hard\libg_nano.a(libc_a-memset.o)
                              c:/renesas/ra/e2studio_v2023-10_fsp_v5.0.0-beta.2/toolchains/gcc_arm/12.2.mpacbti-rel1/bin/../lib/gcc/arm-none-eabi/12.2.1/thumb/v8-m.main+fp/hard/rdimon-crt0.o (memset)
c:/renesas/ra/e2studio_v2023-10_fsp_v5.0.0-beta.2/toolchains/gcc_arm/12.2.mpacbti-rel1/bin/../lib/gcc/arm-none-eabi/12.2.1/thumb/v8-m.main+fp/hard\libg_nano.a(libc_a-strncmp.o)
                              ./src/can_fd_ep.o (strncmp)
c:/renesas/ra/e2studio_v2023-10_fsp_v5.0.0-beta.2/toolchains/gcc_arm/12.2.mpacbti-rel1/bin/../lib/gcc/arm-none-eabi/12.2.1/thumb/v8-m.main+fp/hard\libg_nano.a(libc_a-closer.o)
                              c:/renesas/ra/e2studio_v2023-10_fsp_v5.0.0-beta.2/toolchains/gcc_arm/12.2.mpacbti-rel1/bin/../lib/gcc/arm-none-eabi/12.2.1/thumb/v8-m.main+fp/hard\libg_nano.a(libc_a-stdio.o) (_close_r)
c:/renesas/ra/e2studio_v2023-10_fsp_v5.0.0-beta.2/toolchains/gcc_arm/12.2.mpacbti-rel1/bin/../lib/gcc/arm-none-eabi/12.2.1/thumb/v8-m.main+fp/hard\libg_nano.a(libc_a-reent.o)
                              c:/renesas/ra/e2studio_v2023-10_fsp_v5.0.0-beta.2/toolchains/gcc_arm/12.2.mpacbti-rel1/bin/../lib/gcc/arm-none-eabi/12.2.1/thumb/v8-m.main+fp/hard\libg_nano.a(libc_a-closer.o) (errno)
c:/renesas/ra/e2studio_v2023-10_fsp_v5.0.0-beta.2/toolchains/gcc_arm/12.2.mpacbti-rel1/bin/../lib/gcc/arm-none-eabi/12.2.1/thumb/v8-m.main+fp/hard\libg_nano.a(libc_a-impure.o)
                              c:/renesas/ra/e2studio_v2023-10_fsp_v5.0.0-beta.2/toolchains/gcc_arm/12.2.mpacbti-rel1/bin/../lib/gcc/arm-none-eabi/12.2.1/thumb/v8-m.main+fp/hard\libg_nano.a(libc_a-reent.o) (_impure_ptr)
c:/renesas/ra/e2studio_v2023-10_fsp_v5.0.0-beta.2/toolchains/gcc_arm/12.2.mpacbti-rel1/bin/../lib/gcc/arm-none-eabi/12.2.1/thumb/v8-m.main+fp/hard\libg_nano.a(libc_a-lseekr.o)
                              c:/renesas/ra/e2studio_v2023-10_fsp_v5.0.0-beta.2/toolchains/gcc_arm/12.2.mpacbti-rel1/bin/../lib/gcc/arm-none-eabi/12.2.1/thumb/v8-m.main+fp/hard\libg_nano.a(libc_a-stdio.o) (_lseek_r)
c:/renesas/ra/e2studio_v2023-10_fsp_v5.0.0-beta.2/toolchains/gcc_arm/12.2.mpacbti-rel1/bin/../lib/gcc/arm-none-eabi/12.2.1/thumb/v8-m.main+fp/hard\libg_nano.a(libc_a-readr.o)
                              c:/renesas/ra/e2studio_v2023-10_fsp_v5.0.0-beta.2/toolchains/gcc_arm/12.2.mpacbti-rel1/bin/../lib/gcc/arm-none-eabi/12.2.1/thumb/v8-m.main+fp/hard\libg_nano.a(libc_a-stdio.o) (_read_r)
c:/renesas/ra/e2studio_v2023-10_fsp_v5.0.0-beta.2/toolchains/gcc_arm/12.2.mpacbti-rel1/bin/../lib/gcc/arm-none-eabi/12.2.1/thumb/v8-m.main+fp/hard\libg_nano.a(libc_a-writer.o)
                              c:/renesas/ra/e2studio_v2023-10_fsp_v5.0.0-beta.2/toolchains/gcc_arm/12.2.mpacbti-rel1/bin/../lib/gcc/arm-none-eabi/12.2.1/thumb/v8-m.main+fp/hard\libg_nano.a(libc_a-stdio.o) (_write_r)
c:/renesas/ra/e2studio_v2023-10_fsp_v5.0.0-beta.2/toolchains/gcc_arm/12.2.mpacbti-rel1/bin/../lib/gcc/arm-none-eabi/12.2.1/thumb/v8-m.main+fp/hard\libg_nano.a(libc_a-errno.o)
                              ./ra/fsp/src/bsp/mcu/all/bsp_sbrk.o (__errno)
[...]
Memory Configuration

Name             Origin             Length             Attributes
ITCM             0x00000000         0x00000000         xr
DTCM             0x00000000         0x00000000         xrw
FLASH            0x00000000         0x00200000         xr
RAM              0x20000000         0x00080000         xrw
DATA_FLASH       0x08000000         0x00002000         xr
QSPI_FLASH       0x60000000         0x04000000         xr
OSPI_DEVICE_0    0x68000000         0x08000000         xr
OSPI_DEVICE_1    0x70000000         0x10000000         xr
OSPI_DEVICE_0_RAM 0x68000000         0x08000000         xrw
OSPI_DEVICE_1_RAM 0x70000000         0x10000000         xrw
SDRAM            0x80010000         0x00000000         xrw
OPTION_SETTING   0x0100a100         0x00000100         r
OPTION_SETTING_OFS 0x0100a100         0x00000018         r
OPTION_SETTING_SAS 0x0100a134         0x000000cc         r
OPTION_SETTING_S 0x0100a200         0x00000100         r
ID_CODE          0x00000000         0x00000000         xr
*default*        0x00000000         0xffffffff

Linker script and memory map

LOAD c:/renesas/ra/e2studio_v2023-10_fsp_v5.0.0-beta.2/toolchains/gcc_arm/12.2.mpacbti-rel1/bin/../lib/gcc/arm-none-eabi/12.2.1/thumb/v8-m.main+fp/hard/crti.o
LOAD c:/renesas/ra/e2studio_v2023-10_fsp_v5.0.0-beta.2/toolchains/gcc_arm/12.2.mpacbti-rel1/bin/../lib/gcc/arm-none-eabi/12.2.1/thumb/v8-m.main+fp/hard/crtbegin.o
LOAD c:/renesas/ra/e2studio_v2023-10_fsp_v5.0.0-beta.2/toolchains/gcc_arm/12.2.mpacbti-rel1/bin/../lib/gcc/arm-none-eabi/12.2.1/thumb/v8-m.main+fp/hard/rdimon-crt0.o
START GROUP
LOAD ./src/SEGGER_RTT/SEGGER_RTT.o
LOAD ./src/SEGGER_RTT/SEGGER_RTT_printf.o
LOAD ./src/can_fd_ep.o
LOAD ./src/hal_entry.o
LOAD ./ra_gen/common_data.o
LOAD ./ra_gen/hal_data.o
LOAD ./ra_gen/main.o
LOAD ./ra_gen/pin_data.o
LOAD ./ra_gen/vector_data.o
LOAD ./ra/fsp/src/r_ioport/r_ioport.o
LOAD ./ra/fsp/src/r_canfd/r_canfd.o
LOAD ./ra/fsp/src/bsp/mcu/all/bsp_clocks.o
LOAD ./ra/fsp/src/bsp/mcu/all/bsp_common.o
LOAD ./ra/fsp/src/bsp/mcu/all/bsp_delay.o
LOAD ./ra/fsp/src/bsp/mcu/all/bsp_group_irq.o
LOAD ./ra/fsp/src/bsp/mcu/all/bsp_guard.o
LOAD ./ra/fsp/src/bsp/mcu/all/bsp_io.o
LOAD ./ra/fsp/src/bsp/mcu/all/bsp_irq.o
LOAD ./ra/fsp/src/bsp/mcu/all/bsp_register_protection.o
LOAD ./ra/fsp/src/bsp/mcu/all/bsp_rom_registers.o
LOAD ./ra/fsp/src/bsp/mcu/all/bsp_sbrk.o
LOAD ./ra/fsp/src/bsp/mcu/all/bsp_security.o
LOAD ./ra/fsp/src/bsp/cmsis/Device/RENESAS/Source/startup.o
LOAD ./ra/fsp/src/bsp/cmsis/Device/RENESAS/Source/system.o
LOAD ./ra/board/ra6m5_ek/board_init.o
LOAD ./ra/board/ra6m5_ek/board_leds.o
END GROUP
START GROUP
LOAD c:/renesas/ra/e2studio_v2023-10_fsp_v5.0.0-beta.2/toolchains/gcc_arm/12.2.mpacbti-rel1/bin/../lib/gcc/arm-none-eabi/12.2.1/thumb/v8-m.main+fp/hard\libgcc.a
LOAD c:/renesas/ra/e2studio_v2023-10_fsp_v5.0.0-beta.2/toolchains/gcc_arm/12.2.mpacbti-rel1/bin/../lib/gcc/arm-none-eabi/12.2.1/thumb/v8-m.main+fp/hard\libg_nano.a
LOAD c:/renesas/ra/e2studio_v2023-10_fsp_v5.0.0-beta.2/toolchains/gcc_arm/12.2.mpacbti-rel1/bin/../lib/gcc/arm-none-eabi/12.2.1/thumb/v8-m.main+fp/hard\libc_nano.a
END GROUP
START GROUP
LOAD c:/renesas/ra/e2studio_v2023-10_fsp_v5.0.0-beta.2/toolchains/gcc_arm/12.2.mpacbti-rel1/bin/../lib/gcc/arm-none-eabi/12.2.1/thumb/v8-m.main+fp/hard\libgcc.a
LOAD c:/renesas/ra/e2studio_v2023-10_fsp_v5.0.0-beta.2/toolchains/gcc_arm/12.2.mpacbti-rel1/bin/../lib/gcc/arm-none-eabi/12.2.1/thumb/v8-m.main+fp/hard\libc_nano.a
LOAD c:/renesas/ra/e2studio_v2023-10_fsp_v5.0.0-beta.2/toolchains/gcc_arm/12.2.mpacbti-rel1/bin/../lib/gcc/arm-none-eabi/12.2.1/thumb/v8-m.main+fp/hard\librdimon_nano.a
END GROUP
START GROUP
LOAD c:/renesas/ra/e2studio_v2023-10_fsp_v5.0.0-beta.2/toolchains/gcc_arm/12.2.mpacbti-rel1/bin/../lib/gcc/arm-none-eabi/12.2.1/thumb/v8-m.main+fp/hard\libgcc.a
LOAD c:/renesas/ra/e2studio_v2023-10_fsp_v5.0.0-beta.2/toolchains/gcc_arm/12.2.mpacbti-rel1/bin/../lib/gcc/arm-none-eabi/12.2.1/thumb/v8-m.main+fp/hard\libc_nano.a
LOAD c:/renesas/ra/e2studio_v2023-10_fsp_v5.0.0-beta.2/toolchains/gcc_arm/12.2.mpacbti-rel1/bin/../lib/gcc/arm-none-eabi/12.2.1/thumb/v8-m.main+fp/hard\librdimon_nano.a
END GROUP
LOAD c:/renesas/ra/e2studio_v2023-10_fsp_v5.0.0-beta.2/toolchains/gcc_arm/12.2.mpacbti-rel1/bin/../lib/gcc/arm-none-eabi/12.2.1/thumb/v8-m.main+fp/hard/crtend.o
LOAD c:/renesas/ra/e2studio_v2023-10_fsp_v5.0.0-beta.2/toolchains/gcc_arm/12.2.mpacbti-rel1/bin/../lib/gcc/arm-none-eabi/12.2.1/thumb/v8-m.main+fp/hard/crtn.o
                0x20000000                        RAM_START = 0x20000000
                0x00080000                        RAM_LENGTH = 0x80000
                0x00000000                        FLASH_START = 0x0
                0x00200000                        FLASH_LENGTH = 0x200000
                0x08000000                        DATA_FLASH_START = 0x8000000
                0x00002000                        DATA_FLASH_LENGTH = 0x2000
                0x0100a100                        OPTION_SETTING_START = 0x100a100
                0x00000100                        OPTION_SETTING_LENGTH = 0x100
                0x0100a200                        OPTION_SETTING_S_START = 0x100a200
                0x00000100                        OPTION_SETTING_S_LENGTH = 0x100
                0x00000000                        ID_CODE_START = 0x0
                0x00000000                        ID_CODE_LENGTH = 0x0
                0x80010000                        SDRAM_START = 0x80010000
                0x00000000                        SDRAM_LENGTH = 0x0
                0x60000000                        QSPI_FLASH_START = 0x60000000
                0x04000000                        QSPI_FLASH_LENGTH = 0x4000000
                0x68000000                        OSPI_DEVICE_0_START = 0x68000000
                0x08000000                        OSPI_DEVICE_0_LENGTH = 0x8000000
                0x70000000                        OSPI_DEVICE_1_START = 0x70000000
                0x10000000                        OSPI_DEVICE_1_LENGTH = 0x10000000
                0x04000000                        QSPI_FLASH_PRV_LENGTH = DEFINED (QSPI_FLASH_SIZE)?ABSOLUTE (QSPI_FLASH_SIZE):ABSOLUTE (QSPI_FLASH_LENGTH)
                0x08000000                        OSPI_DEVICE_0_PRV_LENGTH = DEFINED (OSPI_DEVICE_0_SIZE)?ABSOLUTE (OSPI_DEVICE_0_SIZE):ABSOLUTE (OSPI_DEVICE_0_LENGTH)
                0x10000000                        OSPI_DEVICE_1_PRV_LENGTH = DEFINED (OSPI_DEVICE_1_SIZE)?ABSOLUTE (OSPI_DEVICE_1_SIZE):ABSOLUTE (OSPI_DEVICE_1_LENGTH)
                0x00000000                        __RESERVE_NS_RAM = ((! (DEFINED (PROJECT_NONSECURE)) && DEFINED (RAM_NS_BUFFER_LENGTH)) && (OPTION_SETTING_S_LENGTH != 0x0))
                0x00000000                        ITCM_START = DEFINED (ITCM_START)?ITCM_START:0x0
                0x00000000                        ITCM_LENGTH = DEFINED (ITCM_LENGTH)?ITCM_LENGTH:0x0
                0x00000000                        DTCM_START = DEFINED (DTCM_START)?DTCM_START:0x0
                0x00000000                        DTCM_LENGTH = DEFINED (DTCM_LENGTH)?DTCM_LENGTH:0x0
                0x00000000                        NS_OFFSET_START = DEFINED (NS_OFFSET_START)?NS_OFFSET_START:0x0
                0x00000000                        NS_IMAGE_OFFSET = DEFINED (PROJECT_NONSECURE)?NS_OFFSET_START:0x0
                0x00000000                        RAM_NS_BUFFER_BLOCK_LENGTH = DEFINED (RAM_NS_BUFFER_LENGTH)?ALIGN (RAM_NS_BUFFER_LENGTH, 0x2000):0x0
                0x00000000                        RAM_NS_BUFFER_LENGTH = DEFINED (RAM_NS_BUFFER_LENGTH)?RAM_NS_BUFFER_LENGTH:0x0
                0x20080000                        RAM_NS_BUFFER_START = ((RAM_START + RAM_LENGTH) - RAM_NS_BUFFER_LENGTH)
                0x20080000                        RAM_NS_BUFFER_BLOCK_START = ((RAM_START + RAM_LENGTH) - RAM_NS_BUFFER_BLOCK_LENGTH)
                0x0100a180                        OPTION_SETTING_START_NS = DEFINED (PROJECT_NONSECURE)?OPTION_SETTING_START:(OPTION_SETTING_START + 0x80)
                0x00000001                        __bl_FSP_BOOTABLE_IMAGE = 0x1
                0x00000001                        __bln_FSP_BOOTABLE_IMAGE = 0x1
                0x00000001                        PROJECT_SECURE_OR_FLAT = (((! (DEFINED (PROJECT_NONSECURE)) || DEFINED (PROJECT_SECURE)) && OPTION_SETTING_LENGTH) && ! (DEFINED (FSP_BOOTABLE_IMAGE)))
                0x00000000                        USE_OPTION_SETTING_NS = (DEFINED (PROJECT_NONSECURE) && ! (DEFINED (FSP_BOOTABLE_IMAGE)))
                0x00000000                        __bl_FLASH_IMAGE_START = ! (DEFINED (FLASH_BOOTLOADER_LENGTH))?0x0:(FLASH_APPLICATION_IMAGE_NUMBER == 0x1)?(FLASH_BOOTLOADER_LENGTH + FLASH_BOOTLOADER_HEADER_LENGTH):(((FLASH_BOOTLOADER_LENGTH + FLASH_BOOTLOADER_SCRATCH_LENGTH) + FLASH_APPLICATION_S_LENGTH) + FLASH_BOOTLOADER_HEADER_LENGTH)
                0x00000000                        __bl_FLASH_IMAGE_LENGTH = ! (DEFINED (FLASH_BOOTLOADER_LENGTH))?0x0:(FLASH_APPLICATION_S_LENGTH - FLASH_BOOTLOADER_HEADER_LENGTH)
                0x00000000                        __bl_FLASH_IMAGE_END = (__bl_FLASH_IMAGE_START + __bl_FLASH_IMAGE_LENGTH)
                0x00000000                        __bl_XIP_SECONDARY_FLASH_IMAGE_START = ! (DEFINED (FLASH_BOOTLOADER_LENGTH))?0x0:((FLASH_BOOTLOADER_LENGTH + FLASH_APPLICATION_S_LENGTH) + FLASH_BOOTLOADER_HEADER_LENGTH)
                0x00000000                        __bl_XIP_SECONDARY_FLASH_IMAGE_END = (__bl_XIP_SECONDARY_FLASH_IMAGE_START + __bl_FLASH_IMAGE_LENGTH)
                0x00000000                        __bl_FLASH_NS_START = ! (DEFINED (FLASH_BOOTLOADER_LENGTH))?0x0:(FLASH_APPLICATION_NS_LENGTH == 0x0)?__bl_FLASH_IMAGE_END:((__bl_FLASH_IMAGE_START - FLASH_BOOTLOADER_HEADER_LENGTH) + FLASH_APPLICATION_S_LENGTH)
                0x00000000                        __bl_FLASH_NSC_START = ! (DEFINED (FLASH_BOOTLOADER_LENGTH))?0x0:(FLASH_APPLICATION_NS_LENGTH == 0x0)?__bl_FLASH_IMAGE_END:(__bl_FLASH_NS_START - FLASH_APPLICATION_NSC_LENGTH)
                0x00000000                        __bl_RAM_NS_START = ! (DEFINED (FLASH_BOOTLOADER_LENGTH))?0x0:(FLASH_APPLICATION_NS_LENGTH == 0x0)?(RAM_START + RAM_LENGTH):((RAM_START + RAM_LENGTH) - RAM_APPLICATION_NS_LENGTH)
                0x00000000                        __bl_RAM_NSC_START = ! (DEFINED (FLASH_BOOTLOADER_LENGTH))?0x0:(FLASH_APPLICATION_NS_LENGTH == 0x0)?(RAM_START + RAM_LENGTH):(__bl_RAM_NS_START - RAM_APPLICATION_NSC_LENGTH)
                0x00000000                        __bl_FLASH_NS_IMAGE_START = ! (DEFINED (FLASH_BOOTLOADER_LENGTH))?0x0:(FLASH_APPLICATION_NS_LENGTH == 0x0)?__bl_FLASH_IMAGE_END:(__bl_FLASH_NS_START + FLASH_BOOTLOADER_HEADER_LENGTH_2)
                0x00000000                        __bln_FLASH_IMAGE_START = __bl_FLASH_NS_IMAGE_START
                0x00000000                        __bln_FLASH_IMAGE_LENGTH = ! (DEFINED (FLASH_BOOTLOADER_LENGTH))?0x0:(FLASH_APPLICATION_NS_LENGTH == 0x0)?__bl_FLASH_IMAGE_END:(FLASH_APPLICATION_NS_LENGTH - FLASH_BOOTLOADER_HEADER_LENGTH_2)
                0x00000000                        XIP_SECONDARY_SLOT_IMAGE = DEFINED (XIP_SECONDARY_SLOT_IMAGE)?XIP_SECONDARY_SLOT_IMAGE:0x0
                0x00000000                        FLASH_ORIGIN = ! (DEFINED (FLASH_IMAGE_START))?FLASH_START:(XIP_SECONDARY_SLOT_IMAGE == 0x1)?XIP_SECONDARY_FLASH_IMAGE_START:FLASH_IMAGE_START
                0x00200000                        LIMITED_FLASH_LENGTH = DEFINED (FLASH_IMAGE_LENGTH)?FLASH_IMAGE_LENGTH:DEFINED (FLASH_BOOTLOADER_LENGTH)?FLASH_BOOTLOADER_LENGTH:FLASH_LENGTH
START GROUP
LOAD c:/renesas/ra/e2studio_v2023-10_fsp_v5.0.0-beta.2/toolchains/gcc_arm/12.2.mpacbti-rel1/bin/../lib/gcc/arm-none-eabi/12.2.1/thumb/v8-m.main+fp/hard\libgcc.a
LOAD c:/renesas/ra/e2studio_v2023-10_fsp_v5.0.0-beta.2/toolchains/gcc_arm/12.2.mpacbti-rel1/bin/../lib/gcc/arm-none-eabi/12.2.1/thumb/v8-m.main+fp/hard\libc.a
LOAD c:/renesas/ra/e2studio_v2023-10_fsp_v5.0.0-beta.2/toolchains/gcc_arm/12.2.mpacbti-rel1/bin/../lib/gcc/arm-none-eabi/12.2.1/thumb/v8-m.main+fp/hard\libm.a
LOAD c:/renesas/ra/e2studio_v2023-10_fsp_v5.0.0-beta.2/toolchains/gcc_arm/12.2.mpacbti-rel1/bin/../lib/gcc/arm-none-eabi/12.2.1/thumb/v8-m.main+fp/hard\libnosys.a
END GROUP

.text           0x00000000     0x3664
                0x00000000                        __tz_FLASH_S = ABSOLUTE (FLASH_START)
                0x00000000                        __ROM_Start = .
 *(.fixed_vectors*)
 .fixed_vectors
                0x00000000       0x40 ./ra/fsp/src/bsp/cmsis/Device/RENESAS/Source/startup.o
                0x00000000                __Vectors
 *(.application_vectors*)
 .application_vectors
                0x00000040      0x180 ./ra_gen/vector_data.o
                0x00000040                g_vector_table
                0x000001c0                        __Vectors_End = .
                0x000001c0                        . = (OPTION_SETTING_LENGTH > 0x0)?.:(__ROM_Start + 0x400)
 *(.rom_registers*)
                0x000001c0                        . = (OPTION_SETTING_LENGTH > 0x0)?.:(__ROM_Start + 0x500)
                0x00000200                        . = ALIGN (0x80)
 *fill*         0x000001c0       0x40 ff
 *(.mcuboot_sce9_key*)
 *(.text*)
 .text.deregister_tm_clones
                0x00000200       0x1c c:/renesas/ra/e2studio_v2023-10_fsp_v5.0.0-beta.2/toolchains/gcc_arm/12.2.mpacbti-rel1/bin/../lib/gcc/arm-none-eabi/12.2.1/thumb/v8-m.main+fp/hard/crtbegin.o
 .text.register_tm_clones
                0x0000021c       0x28 c:/renesas/ra/e2studio_v2023-10_fsp_v5.0.0-beta.2/toolchains/gcc_arm/12.2.mpacbti-rel1/bin/../lib/gcc/arm-none-eabi/12.2.1/thumb/v8-m.main+fp/hard/crtbegin.o
 .text.__do_global_dtors_aux
                0x00000244       0x28 c:/renesas/ra/e2studio_v2023-10_fsp_v5.0.0-beta.2/toolchains/gcc_arm/12.2.mpacbti-rel1/bin/../lib/gcc/arm-none-eabi/12.2.1/thumb/v8-m.main+fp/hard/crtbegin.o
 .text.frame_dummy
                0x0000026c       0x24 c:/renesas/ra/e2studio_v2023-10_fsp_v5.0.0-beta.2/toolchains/gcc_arm/12.2.mpacbti-rel1/bin/../lib/gcc/arm-none-eabi/12.2.1/thumb/v8-m.main+fp/hard/crtbegin.o
 .text._WriteNoCheck
                0x00000290       0x34 ./src/SEGGER_RTT/SEGGER_RTT.o
 .text._WriteBlocking
                0x000002c4       0x60 ./src/SEGGER_RTT/SEGGER_RTT.o
 .text._DoInit  0x00000324       0x70 ./src/SEGGER_RTT/SEGGER_RTT.o
 .text.SEGGER_RTT_ReadNoLock
                0x00000394       0xb0 ./src/SEGGER_RTT/SEGGER_RTT.o
                0x00000394                SEGGER_RTT_ReadNoLock
 .text.SEGGER_RTT_Read
                0x00000444       0x1c ./src/SEGGER_RTT/SEGGER_RTT.o
                0x00000444                SEGGER_RTT_Read
 .text.SEGGER_RTT_WriteNoLock
                0x00000460       0x88 ./src/SEGGER_RTT/SEGGER_RTT.o
                0x00000460                SEGGER_RTT_WriteNoLock
 .text.SEGGER_RTT_Write
                0x000004e8       0x34 ./src/SEGGER_RTT/SEGGER_RTT.o
                0x000004e8                SEGGER_RTT_Write
 .text.SEGGER_RTT_HasKey
                0x0000051c       0x20 ./src/SEGGER_RTT/SEGGER_RTT.o
                0x0000051c                SEGGER_RTT_HasKey
 .text._StoreChar
                0x0000053c       0x40 ./src/SEGGER_RTT/SEGGER_RTT_printf.o
 .text._PrintUnsigned
                0x0000057c       0xe4 ./src/SEGGER_RTT/SEGGER_RTT_printf.o
 .text.SEGGER_RTT_vprintf
                0x00000660      0x39c ./src/SEGGER_RTT/SEGGER_RTT_printf.o
                0x00000660                SEGGER_RTT_vprintf
 .text.SEGGER_RTT_printf
                0x000009fc       0x20 ./src/SEGGER_RTT/SEGGER_RTT_printf.o
                0x000009fc                SEGGER_RTT_printf
 .text.led_update
                0x00000a1c       0x74 ./src/can_fd_ep.o
 .text.can_write_operation
                0x00000a90       0xc4 ./src/can_fd_ep.o
 .text.canfd_operation
                0x00000b54       0x88 ./src/can_fd_ep.o
                0x00000b54                canfd_operation
 .text.can_read_operation
                0x00000bdc      0x2dc ./src/can_fd_ep.o
                0x00000bdc                can_read_operation
 .text.canfd0_callback
                0x00000eb8       0x78 ./src/can_fd_ep.o
                0x00000eb8                canfd0_callback
 .text.hal_entry
                0x00000f30      0x14c ./src/hal_entry.o
                0x00000f30                hal_entry
 .text.R_BSP_WarmStart
                0x0000107c       0x18 ./src/hal_entry.o
                0x0000107c                R_BSP_WarmStart
 .text.startup.main
                0x00001094        0xc ./ra_gen/main.o
                0x00001094                main
 .text.bsp_vbatt_init
                0x000010a0       0x9c ./ra/fsp/src/r_ioport/r_ioport.o
 .text.R_IOPORT_PinWrite
                0x0000113c       0x3c ./ra/fsp/src/r_ioport/r_ioport.o
                0x0000113c                R_IOPORT_PinWrite
 .text.r_ioport_pins_config
                0x00001178       0xac ./ra/fsp/src/r_ioport/r_ioport.o
 .text.R_IOPORT_Open
                0x00001224       0x2c ./ra/fsp/src/r_ioport/r_ioport.o
                0x00001224                R_IOPORT_Open
 .text.r_canfd_mb_read
                0x00001250       0x88 ./ra/fsp/src/r_canfd/r_canfd.o
 .text.r_canfd_call_callback
                0x000012d8       0x3c ./ra/fsp/src/r_canfd/r_canfd.o
 .text.r_canfd_mode_transition
                0x00001314      0x150 ./ra/fsp/src/r_canfd/r_canfd.o
 .text.R_CANFD_InfoGet
                0x00001464       0x58 ./ra/fsp/src/r_canfd/r_canfd.o
                0x00001464                R_CANFD_InfoGet
 .text.R_CANFD_Read
                0x000014bc       0x78 ./ra/fsp/src/r_canfd/r_canfd.o
                0x000014bc                R_CANFD_Read
 .text.R_CANFD_Close
                0x00001534      0x10c ./ra/fsp/src/r_canfd/r_canfd.o
                0x00001534                R_CANFD_Close
 .text.R_CANFD_Write
                0x00001640      0x170 ./ra/fsp/src/r_canfd/r_canfd.o
                0x00001640                R_CANFD_Write
 .text.R_CANFD_Open
                0x000017b0      0x494 ./ra/fsp/src/r_canfd/r_canfd.o
                0x000017b0                R_CANFD_Open
 .text.canfd_error_isr
                0x00001c44       0xd8 ./ra/fsp/src/r_canfd/r_canfd.o
                0x00001c44                canfd_error_isr
 .text.canfd_rx_fifo_isr
                0x00001d1c       0xb4 ./ra/fsp/src/r_canfd/r_canfd.o
                0x00001d1c                canfd_rx_fifo_isr
 .text.canfd_channel_tx_isr
                0x00001dd0      0x128 ./ra/fsp/src/r_canfd/r_canfd.o
                0x00001dd0                canfd_channel_tx_isr
 .text.canfd_common_fifo_rx_isr
                0x00001ef8       0xd4 ./ra/fsp/src/r_canfd/r_canfd.o
                0x00001ef8                canfd_common_fifo_rx_isr
 .text.SystemCoreClockUpdate
                0x00001fcc       0x28 ./ra/fsp/src/bsp/mcu/all/bsp_clocks.o
                0x00001fcc                SystemCoreClockUpdate
 .text.R_BSP_SubClockStabilizeWaitAfterReset
                0x00001ff4        0x4 ./ra/fsp/src/bsp/mcu/all/bsp_clocks.o
                0x00001ff4                R_BSP_SubClockStabilizeWaitAfterReset
 .text.bsp_clock_init
                0x00001ff8      0x184 ./ra/fsp/src/bsp/mcu/all/bsp_clocks.o
                0x00001ff8                bsp_clock_init
 .text.R_BSP_Init_RTC
                0x0000217c       0x68 ./ra/fsp/src/bsp/mcu/all/bsp_clocks.o
                0x0000217c                R_BSP_Init_RTC
 .text.R_FSP_VersionGet
                0x000021e4       0x14 ./ra/fsp/src/bsp/mcu/all/bsp_common.o
                0x000021e4                R_FSP_VersionGet
 .text.bsp_prv_software_delay_loop
                0x000021f8        0xc ./ra/fsp/src/bsp/mcu/all/bsp_delay.o
                0x000021f8                bsp_prv_software_delay_loop
 .text.R_BSP_SoftwareDelay
                0x00002204       0x58 ./ra/fsp/src/bsp/mcu/all/bsp_delay.o
                0x00002204                R_BSP_SoftwareDelay
 .text.NMI_Handler
                0x0000225c       0x38 ./ra/fsp/src/bsp/mcu/all/bsp_group_irq.o
                0x0000225c                NMI_Handler
 .text.bsp_irq_cfg
                0x00002294       0xa0 ./ra/fsp/src/bsp/mcu/all/bsp_irq.o
                0x00002294                bsp_irq_cfg
 .text.R_BSP_RegisterProtectEnable
                0x00002334       0x60 ./ra/fsp/src/bsp/mcu/all/bsp_register_protection.o
                0x00002334                R_BSP_RegisterProtectEnable
 .text.R_BSP_RegisterProtectDisable
                0x00002394       0x54 ./ra/fsp/src/bsp/mcu/all/bsp_register_protection.o
                0x00002394                R_BSP_RegisterProtectDisable
 .text.Default_Handler
                0x000023e8        0x4 ./ra/fsp/src/bsp/cmsis/Device/RENESAS/Source/startup.o
                0x000023e8                DebugMon_Handler
                0x000023e8                HardFault_Handler
                0x000023e8                SysTick_Handler
                0x000023e8                PendSV_Handler
                0x000023e8                UsageFault_Handler
                0x000023e8                SecureFault_Handler
                0x000023e8                Default_Handler
                0x000023e8                MemManage_Handler
                0x000023e8                SVC_Handler
                0x000023e8                BusFault_Handler
 .text.Reset_Handler
                0x000023ec        0xc ./ra/fsp/src/bsp/cmsis/Device/RENESAS/Source/startup.o
                0x000023ec                Reset_Handler
 .text.SystemInit
                0x000023f8       0xc4 ./ra/fsp/src/bsp/cmsis/Device/RENESAS/Source/system.o
                0x000023f8                SystemInit
 .text.bsp_init
                0x000024bc        0x4 ./ra/board/ra6m5_ek/board_init.o
                0x000024bc                bsp_init
 .text.memset   0x000024c0       0x10 c:/renesas/ra/e2studio_v2023-10_fsp_v5.0.0-beta.2/toolchains/gcc_arm/12.2.mpacbti-rel1/bin/../lib/gcc/arm-none-eabi/12.2.1/thumb/v8-m.main+fp/hard\libg_nano.a(libc_a-memset.o)
                0x000024c0                memset
 .text.strncmp  0x000024d0       0x24 c:/renesas/ra/e2studio_v2023-10_fsp_v5.0.0-beta.2/toolchains/gcc_arm/12.2.mpacbti-rel1/bin/../lib/gcc/arm-none-eabi/12.2.1/thumb/v8-m.main+fp/hard\libg_nano.a(libc_a-strncmp.o)
                0x000024d0                strncmp
 .text.memcpy   0x000024f4       0x1a c:/renesas/ra/e2studio_v2023-10_fsp_v5.0.0-beta.2/toolchains/gcc_arm/12.2.mpacbti-rel1/bin/../lib/gcc/arm-none-eabi/12.2.1/thumb/v8-m.main+fp/hard\libg_nano.a(libc_a-memcpy-stub.o)
                0x000024f4                memcpy
 *(.version)
 *fill*         0x0000250e        0x2 ff
 .version       0x00002510       0x50 ./ra/fsp/src/bsp/mcu/all/bsp_common.o
 *(.init)
 .init          0x00002560        0x4 c:/renesas/ra/e2studio_v2023-10_fsp_v5.0.0-beta.2/toolchains/gcc_arm/12.2.mpacbti-rel1/bin/../lib/gcc/arm-none-eabi/12.2.1/thumb/v8-m.main+fp/hard/crti.o
                0x00002560                _init
 .init          0x00002564        0x8 c:/renesas/ra/e2studio_v2023-10_fsp_v5.0.0-beta.2/toolchains/gcc_arm/12.2.mpacbti-rel1/bin/../lib/gcc/arm-none-eabi/12.2.1/thumb/v8-m.main+fp/hard/crtn.o
 *(.fini)
 .fini          0x0000256c        0x4 c:/renesas/ra/e2studio_v2023-10_fsp_v5.0.0-beta.2/toolchains/gcc_arm/12.2.mpacbti-rel1/bin/../lib/gcc/arm-none-eabi/12.2.1/thumb/v8-m.main+fp/hard/crti.o
                0x0000256c                _fini
 .fini          0x00002570        0x8 c:/renesas/ra/e2studio_v2023-10_fsp_v5.0.0-beta.2/toolchains/gcc_arm/12.2.mpacbti-rel1/bin/../lib/gcc/arm-none-eabi/12.2.1/thumb/v8-m.main+fp/hard/crtn.o
 *crtbegin.o(.ctors)
 *crtbegin?.o(.ctors)
 *(EXCLUDE_FILE(*crtend.o *crtend?.o) .ctors)
 *(SORT_BY_NAME(.ctors.*))
 *(.ctors)
 *crtbegin.o(.dtors)
 *crtbegin?.o(.dtors)
 *(EXCLUDE_FILE(*crtend.o *crtend?.o) .dtors)
 *(SORT_BY_NAME(.dtors.*))
 *(.dtors)
 *(.rodata*)
 .rodata._DoInit.str1.4
                0x00002578        0x9 ./src/SEGGER_RTT/SEGGER_RTT.o
 *fill*         0x00002581        0x3 ff
 .rodata._aInitStr.0
                0x00002584       0x11 ./src/SEGGER_RTT/SEGGER_RTT.o
 *fill*         0x00002595        0x3 ff
 .rodata._aV2C.0
                0x00002598       0x10 ./src/SEGGER_RTT/SEGGER_RTT_printf.o
 .rodata.can_write_operation.str1.4
                0x000025a8       0x9b ./src/can_fd_ep.o
 *fill*         0x00002643        0x1 ff
 .rodata.canfd_operation.str1.4
                0x00002644       0x58 ./src/can_fd_ep.o
 .rodata.can_read_operation.str1.4
                0x0000269c      0x361 ./src/can_fd_ep.o
 *fill*         0x000029fd        0x3 ff
 .rodata.__FUNCTION__.0
                0x00002a00        0xd ./src/can_fd_ep.o
 *fill*         0x00002a0d        0x3 ff
 .rodata.__FUNCTION__.1
                0x00002a10       0x19 ./src/can_fd_ep.o
 *fill*         0x00002a29        0x3 ff
 .rodata.__FUNCTION__.2
                0x00002a2c       0x13 ./src/can_fd_ep.o
 *fill*         0x00002a3f        0x1 ff
 .rodata.__FUNCTION__.3
                0x00002a40       0x14 ./src/can_fd_ep.o
 .rodata.hal_entry.str1.4
                0x00002a54      0x418 ./src/hal_entry.o
                                0x498 (size before relaxing)
 .rodata.__FUNCTION__.0
                0x00002e6c        0xa ./src/hal_entry.o
 *fill*         0x00002e76        0x2 ff
 .rodata.p_canfd0_afl
                0x00002e78      0x400 ./src/hal_entry.o
                0x00002e78                p_canfd0_afl
 .rodata.g_canfd0_cfg
                0x00003278       0x18 ./ra_gen/hal_data.o
                0x00003278                g_canfd0_cfg
 .rodata.g_bsp_pin_cfg
                0x00003290        0x8 ./ra_gen/pin_data.o
                0x00003290                g_bsp_pin_cfg
 .rodata.g_bsp_pin_cfg_data
                0x00003298      0x2b0 ./ra_gen/pin_data.o
                0x00003298                g_bsp_pin_cfg_data
 .rodata.g_interrupt_event_link_select
                0x00003548       0xc0 ./ra_gen/vector_data.o
                0x00003548                g_interrupt_event_link_select
 .rodata.g_vbatt_pins_input
                0x00003608        0x6 ./ra/fsp/src/r_ioport/r_ioport.o
 *fill*         0x0000360e        0x2 ff
 .rodata.dlc_to_bytes
                0x00003610       0x10 ./ra/fsp/src/r_canfd/r_canfd.o
 .rodata.g_prcr_masks
                0x00003620        0x8 ./ra/fsp/src/bsp/mcu/all/bsp_register_protection.o
 .rodata.g_bsp_leds
                0x00003628        0x8 ./ra/board/ra6m5_ek/board_leds.o
                0x00003628                g_bsp_leds
 .rodata.g_bsp_prv_leds
                0x00003630        0x6 ./ra/board/ra6m5_ek/board_leds.o
                0x00003636                        __usb_dev_descriptor_start_fs = .
 *(.usb_device_desc_fs*)
                0x00003636                        __usb_cfg_descriptor_start_fs = .
 *(.usb_config_desc_fs*)
                0x00003636                        __usb_interface_descriptor_start_fs = .
 *(.usb_interface_desc_fs*)
                0x00003636                        __usb_descriptor_end_fs = .
                0x00003636                        __usb_dev_descriptor_start_hs = .
 *(.usb_device_desc_hs*)
                0x00003636                        __usb_cfg_descriptor_start_hs = .
 *(.usb_config_desc_hs*)
                0x00003636                        __usb_interface_descriptor_start_hs = .
 *(.usb_interface_desc_hs*)
                0x00003636                        __usb_descriptor_end_hs = .
 *(.eh_frame*)
 *fill*         0x00003636        0x2 ff
 .eh_frame      0x00003638        0x0 c:/renesas/ra/e2studio_v2023-10_fsp_v5.0.0-beta.2/toolchains/gcc_arm/12.2.mpacbti-rel1/bin/../lib/gcc/arm-none-eabi/12.2.1/thumb/v8-m.main+fp/hard/crtbegin.o
 .eh_frame      0x00003638       0x28 c:/renesas/ra/e2studio_v2023-10_fsp_v5.0.0-beta.2/toolchains/gcc_arm/12.2.mpacbti-rel1/bin/../lib/gcc/arm-none-eabi/12.2.1/thumb/v8-m.main+fp/hard\libg_nano.a(libc_a-strlen.o)
 .eh_frame      0x00003660        0x4 c:/renesas/ra/e2studio_v2023-10_fsp_v5.0.0-beta.2/toolchains/gcc_arm/12.2.mpacbti-rel1/bin/../lib/gcc/arm-none-eabi/12.2.1/thumb/v8-m.main+fp/hard/crtend.o
                0x00003664                        __ROM_End = .
                0x000001c0                        __Vectors_Size = (__Vectors_End - __Vectors)

.glue_7         0x00003664        0x0
 .glue_7        0x00003664        0x0 linker stubs

.glue_7t        0x00003664        0x0
 .glue_7t       0x00003664        0x0 linker stubs

.vfp11_veneer   0x00003664        0x0
 .vfp11_veneer  0x00003664        0x0 linker stubs

.v4_bx          0x00003664        0x0
 .v4_bx         0x00003664        0x0 linker stubs

.iplt           0x00003664        0x0
 .iplt          0x00003664        0x0 c:/renesas/ra/e2studio_v2023-10_fsp_v5.0.0-beta.2/toolchains/gcc_arm/12.2.mpacbti-rel1/bin/../lib/gcc/arm-none-eabi/12.2.1/thumb/v8-m.main+fp/hard/crtbegin.o
                0x00003664                        . = .
                0x00003664                        __itcm_data_pre_location = .

.itcm_data      0x00000000        0x0 load address 0x00003670
                0x00000000                        __tz_ITCM_S = ABSOLUTE (ITCM_START)
                0x00000000                        __itcm_data_start = .
 *(.itcm_data*)
                0x00000000                        . = ALIGN (0x8)
                0x00000000                        __itcm_data_end = .
                0x00000000                        __tz_ITCM_N = DEFINED (ITCM_NS_START)?ABSOLUTE (ITCM_NS_START):ALIGN (__itcm_data_end, 0x2000)
                0x00003670                        __itcm_data_init_start = LOADADDR (.itcm_data)
                0x00003670                        __itcm_data_init_end = (LOADADDR (.itcm_data) + SIZEOF (.itcm_data))
                0x00000001                        ASSERT (((ORIGIN (ITCM) % 0x8) == 0x0), ITCM memory region origin must be aligned to 8 bytes.)
                0x00000001                        ASSERT (((LENGTH (ITCM) % 0x8) == 0x0), ITCM memory region length must be a multiple of 8 bytes.)
                0x00000001                        ASSERT (((LOADADDR (.itcm_data) % 0x10) == 0x0), .itcm_data section must be aligned to 16 bytes.)
                0x00000001                        ASSERT (((SIZEOF (.itcm_data) % 0x8) == 0x0), .itcm_data section size must be a multiple of 8 bytes.)
                0x00003664                        . = (SIZEOF (.itcm_data) > 0x0)?__itcm_data_init_end:__itcm_data_pre_location

.ARM.extab
 *(.ARM.extab* .gnu.linkonce.armextab.*)
                0x00003664                        __exidx_start = .

.ARM.exidx
 *(.ARM.exidx* .gnu.linkonce.armexidx.*)
                0x00003664                        __exidx_end = .
                0x00003664                        __etext = .
                0x20000000                        __tz_RAM_S = ORIGIN (RAM)

.fsp_dtc_vector_table
                0x20000000        0x0
                0x20000000                        . = ORIGIN (RAM)
 *(.fsp_dtc_vector_table)

.data           0x20000000      0x118 load address 0x00003664
                0x20000000                        __data_start__ = .
                0x20000000                        . = ALIGN (0x4)
                0x20000000                        __Code_In_RAM_Start = .
 *(.code_in_ram*)
                0x20000000                        __Code_In_RAM_End = .
 *(vtable)
 *(.data.*)
 .data.g_rx_data
                0x20000000       0x40 ./src/can_fd_ep.o
                0x20000000                g_rx_data
 .data.g_tx_data
                0x20000040       0x40 ./src/can_fd_ep.o
                0x20000040                g_tx_data
 .data.g_time_out
                0x20000080        0x4 ./src/hal_entry.o
                0x20000080                g_time_out
 *fill*         0x20000084        0x4 
 .data.g_canfd0_extended_cfg
                0x20000088       0x20 ./ra_gen/hal_data.o
                0x20000088                g_canfd0_extended_cfg
 .data.g_canfd_global_cfg
                0x200000a8       0x48 ./ra_gen/hal_data.o
                0x200000a8                g_canfd_global_cfg
 .data.g_canfd0_data_timing_cfg
                0x200000f0       0x10 ./ra_gen/hal_data.o
                0x200000f0                g_canfd0_data_timing_cfg
 .data.g_canfd0_bit_timing_cfg
                0x20000100       0x10 ./ra_gen/hal_data.o
                0x20000100                g_canfd0_bit_timing_cfg
 *(.data)
                0x20000110                        . = ALIGN (0x4)
                0x20000110                        PROVIDE (__preinit_array_start = .)
 *(.preinit_array)
                0x20000110                        PROVIDE (__preinit_array_end = .)
                0x20000110                        . = ALIGN (0x4)
                0x20000110                        PROVIDE (__init_array_start = .)
 *(SORT_BY_NAME(.init_array.*))
 *(.init_array)
 .init_array    0x20000110        0x4 c:/renesas/ra/e2studio_v2023-10_fsp_v5.0.0-beta.2/toolchains/gcc_arm/12.2.mpacbti-rel1/bin/../lib/gcc/arm-none-eabi/12.2.1/thumb/v8-m.main+fp/hard/crtbegin.o
                0x20000114                        PROVIDE (__init_array_end = .)
                0x20000114                        . = ALIGN (0x4)
                [!provide]                        PROVIDE (__fini_array_start = .)
 *(SORT_BY_NAME(.fini_array.*))
 *(.fini_array)
 .fini_array    0x20000114        0x4 c:/renesas/ra/e2studio_v2023-10_fsp_v5.0.0-beta.2/toolchains/gcc_arm/12.2.mpacbti-rel1/bin/../lib/gcc/arm-none-eabi/12.2.1/thumb/v8-m.main+fp/hard/crtbegin.o
                [!provide]                        PROVIDE (__fini_array_end = .)
 *(.jcr*)
                0x20000118                        . = ALIGN (0x4)
                0x20000118                        __data_end__ = .

.tm_clone_table
                0x20000118        0x0 load address 0x0000377c
 .tm_clone_table
                0x20000118        0x0 c:/renesas/ra/e2studio_v2023-10_fsp_v5.0.0-beta.2/toolchains/gcc_arm/12.2.mpacbti-rel1/bin/../lib/gcc/arm-none-eabi/12.2.1/thumb/v8-m.main+fp/hard/crtbegin.o
 .tm_clone_table
                0x20000118        0x0 c:/renesas/ra/e2studio_v2023-10_fsp_v5.0.0-beta.2/toolchains/gcc_arm/12.2.mpacbti-rel1/bin/../lib/gcc/arm-none-eabi/12.2.1/thumb/v8-m.main+fp/hard/crtend.o

.igot.plt       0x20000118        0x0 load address 0x0000377c
 .igot.plt      0x20000118        0x0 c:/renesas/ra/e2studio_v2023-10_fsp_v5.0.0-beta.2/toolchains/gcc_arm/12.2.mpacbti-rel1/bin/../lib/gcc/arm-none-eabi/12.2.1/thumb/v8-m.main+fp/hard/crtbegin.o
                0x20000118                        . = .
                0x0000377c                        __dtcm_data_pre_location = (LOADADDR (.data) + SIZEOF (.data))

.dtcm_data      0x00000000        0x0 load address 0x00003780
                0x00000000                        __tz_DTCM_S = ABSOLUTE (DTCM_START)
                0x00000000                        __dtcm_data_start = .
 *(.dtcm_data*)
                0x00000000                        . = ALIGN (0x8)
                0x00000000                        __dtcm_data_end = .
                0x00000000                        . = __dtcm_data_end

.dtcm_bss       0x00000000        0x0
                0x00000000                        __dtcm_bss_start = .
 *(.dtcm_bss*)
                0x00000000                        . = ALIGN (0x8)
                0x00000000                        __dtcm_bss_end = .
                0x00000000                        __tz_DTCM_N = DEFINED (DTCM_NS_START)?ABSOLUTE (DTCM_NS_START):ALIGN (__dtcm_bss_end, 0x2000)
                0x00003780                        __dtcm_data_init_start = LOADADDR (.dtcm_data)
                0x00003780                        __dtcm_data_init_end = (LOADADDR (.dtcm_data) + SIZEOF (.dtcm_data))
                0x00000001                        ASSERT (((ORIGIN (DTCM) % 0x8) == 0x0), DTCM memory region origin must be aligned to 8 bytes.)
                0x00000001                        ASSERT (((LENGTH (DTCM) % 0x8) == 0x0), DTCM memory region length must be a multiple of 8 bytes.)
                0x00000001                        ASSERT ((LOADADDR (.dtcm_bss) == ADDR (.dtcm_bss)), .dtcm_bss has (VMA != LMA) but should be NOLOAD (VMA == LMA).)
                0x00000001                        ASSERT (((LOADADDR (.dtcm_data) % 0x10) == 0x0), .dtcm_data section must be aligned to 16 bytes.)
                0x00000001                        ASSERT (((SIZEOF (.dtcm_data) % 0x8) == 0x0), .dtcm_data section size must be a multiple of 8 bytes.)
                0x00000001                        ASSERT (((LOADADDR (.dtcm_bss) % 0x8) == 0x0), .dtcm_bss section must be aligned to 8 bytes.)
                0x00000001                        ASSERT (((SIZEOF (.dtcm_bss) % 0x8) == 0x0), .dtcm_bss section size must be a multiple of 8 bytes.)
                0x00000001                        ASSERT ((__dtcm_bss_start == __dtcm_data_end), .dtcm_bss section is not adjacent to .dtcm_data section.)
                0x0000377c                        . = (SIZEOF (.dtcm_data) > 0x0)?__dtcm_data_init_end:__dtcm_data_pre_location
                0x0000377c                        sgstubs_pre_location = .
                0x00003800                        SGSTUBS_LOC = (DEFINED (PROJECT_SECURE) && DEFINED (FLASH_NSC_START))?ABSOLUTE (FLASH_NSC_START):ALIGN (0x400)

.gnu.sgstubs    0x00003800        0x0
                0x00003800                        __tz_FLASH_C = DEFINED (FLASH_NSC_START)?ABSOLUTE (FLASH_NSC_START):__RESERVE_NS_RAM?ABSOLUTE ((FLASH_START + FLASH_LENGTH)):ALIGN (0x400)
                0x00003800                        _start_sg = .
 *(.gnu.sgstubs*)
                0x00003800                        . = ALIGN (0x20)
                0x00003800                        _end_sg = .
                0x00008000                        __tz_FLASH_N = DEFINED (FLASH_NS_START)?ABSOLUTE (FLASH_NS_START):__RESERVE_NS_RAM?ABSOLUTE ((FLASH_START + FLASH_LENGTH)):(FLASH_LENGTH < 0x8000)?FLASH_LENGTH:ALIGN (0x8000)
                0x00008000                        FLASH_NS_IMAGE_START = DEFINED (FLASH_NS_IMAGE_START)?FLASH_NS_IMAGE_START:__tz_FLASH_N
                0x60000000                        __tz_QSPI_FLASH_S = ORIGIN (QSPI_FLASH)

.qspi_flash     0x60000000        0x0
                0x60000000                        __qspi_flash_start__ = .
 *(.qspi_flash*)
 *(.code_in_qspi*)
                0x60000000                        __qspi_flash_end__ = .
                0x00000000                        __qspi_flash_code_size__ = (__qspi_flash_end__ - __qspi_flash_start__)
                0x0000377c                        __qspi_flash_code_addr__ = sgstubs_pre_location

.qspi_non_retentive
                0x60000000        0x0 load address 0x0000377c
                0x60000000                        __qspi_non_retentive_start__ = .
 *(.qspi_non_retentive*)
                0x60000000                        __qspi_non_retentive_end__ = .
                0x00000000                        __qspi_non_retentive_size__ = (__qspi_non_retentive_end__ - __qspi_non_retentive_start__)
                0x04000000                        __qspi_region_max_size__ = 0x4000000
                0x60000000                        __qspi_region_start_address__ = __qspi_flash_start__
                0x64000000                        __qspi_region_end_address__ = (__qspi_flash_start__ + __qspi_region_max_size__)
                0x60000000                        __tz_QSPI_FLASH_N = __qspi_non_retentive_end__

.OSPI_DEVICE_0_NO_LOAD
                0x68000000        0x0
                0x68000000                        . = ALIGN (0x4)
                0x68000000                        __ospi_device_0_start__ = .
 *(.ospi_device_0_no_load*)
                0x68000000                        . = ALIGN (0x4)
                0x68000000                        __ospi_device_0_end__ = .

.OSPI_DEVICE_1_NO_LOAD
                0x70000000        0x0
                0x70000000                        . = ALIGN (0x4)
                0x70000000                        __ospi_device_1_start__ = .
 *(.ospi_device_1_no_load*)
                0x70000000                        . = ALIGN (0x4)
                0x70000000                        __ospi_device_1_end__ = .
                0x68000000                        __tz_OSPI_DEVICE_0_S = ORIGIN (OSPI_DEVICE_0)

.OSPI_DEVICE_0  0x68000000        0x0
                0x68000000                        __ospi_device_0_start__ = .
 *(.ospi_device_0*)
 *(.code_in_ospi_device_0*)
                0x68000000                        __ospi_device_0_end__ = .
                0x00000000                        __ospi_device_0_code_size__ = (__ospi_device_0_end__ - __ospi_device_0_start__)
                0x0000377c                        __ospi_device_0_code_addr__ = (sgstubs_pre_location + SIZEOF (.qspi_non_retentive))

.ospi_device_0_non_retentive
                0x68000000        0x0 load address 0x0000377c
                0x68000000                        __ospi_device_0_non_retentive_start__ = .
 *(.ospi_device_0_non_retentive*)
                0x68000000                        __ospi_device_0_non_retentive_end__ = .
                0x00000000                        __ospi_device_0_non_retentive_size__ = (__ospi_device_0_non_retentive_end__ - __ospi_device_0_non_retentive_start__)
                0x08000000                        __ospi_device_0_region_max_size__ = 0x8000000
                0x68000000                        __ospi_device_0_region_start_address__ = __ospi_device_0_start__
                0x70000000                        __ospi_device_0_region_end_address__ = (__ospi_device_0_start__ + __ospi_device_0_region_max_size__)
                0x68000000                        __tz_OSPI_DEVICE_0_N = __ospi_device_0_non_retentive_end__
                0x70000000                        __tz_OSPI_DEVICE_1_S = ORIGIN (OSPI_DEVICE_1)

.OSPI_DEVICE_1  0x70000000        0x0
                0x70000000                        __ospi_device_1_start__ = .
 *(.ospi_device_1*)
 *(.code_in_ospi_device_1*)
                0x70000000                        __ospi_device_1_end__ = .
                0x00000000                        __ospi_device_1_code_size__ = (__ospi_device_1_end__ - __ospi_device_1_start__)
                0x0000377c                        __ospi_device_1_code_addr__ = (sgstubs_pre_location + (SIZEOF (.qspi_non_retentive) + SIZEOF (.ospi_device_0_non_retentive)))

.ospi_device_1_non_retentive
                0x70000000        0x0 load address 0x0000377c
                0x70000000                        __ospi_device_1_non_retentive_start__ = .
 *(.ospi_device_1_non_retentive*)
                0x70000000                        __ospi_device_1_non_retentive_end__ = .
                0x00000000                        __ospi_device_1_non_retentive_size__ = (__ospi_device_1_non_retentive_end__ - __ospi_device_1_non_retentive_start__)
                0x10000000                        __ospi_device_1_region_max_size__ = 0x10000000
                0x70000000                        __ospi_device_1_region_start_address__ = __ospi_device_1_start__
                0x80000000                        __ospi_device_1_region_end_address__ = (__ospi_device_1_start__ + __ospi_device_1_region_max_size__)
                0x70000000                        __tz_OSPI_DEVICE_1_N = __ospi_device_1_non_retentive_end__

.noinit         0x20000118       0x20
                0x20000118                        . = ALIGN (0x4)
                0x20000118                        __noinit_start = .
 *(.noinit*)
 .noinit        0x20000118       0x1c ./ra/fsp/src/bsp/mcu/all/bsp_clocks.o
                0x20000138                        . = ALIGN (0x8)
 *fill*         0x20000134        0x4 
 *(.heap.*)
                0x20000138                        __noinit_end = .

.bss            0x20000138      0xc00
                0x20000138                        . = ALIGN (0x4)
                0x20000138                        __bss_start__ = .
 *(.bss*)
 .bss.completed.1
                0x20000138        0x1 c:/renesas/ra/e2studio_v2023-10_fsp_v5.0.0-beta.2/toolchains/gcc_arm/12.2.mpacbti-rel1/bin/../lib/gcc/arm-none-eabi/12.2.1/thumb/v8-m.main+fp/hard/crtbegin.o
 *fill*         0x20000139        0x3 
 .bss.object.0  0x2000013c       0x18 c:/renesas/ra/e2studio_v2023-10_fsp_v5.0.0-beta.2/toolchains/gcc_arm/12.2.mpacbti-rel1/bin/../lib/gcc/arm-none-eabi/12.2.1/thumb/v8-m.main+fp/hard/crtbegin.o
 .bss._acDownBuffer
                0x20000154       0x10 ./src/SEGGER_RTT/SEGGER_RTT.o
 .bss._acUpBuffer
                0x20000164      0x800 ./src/SEGGER_RTT/SEGGER_RTT.o
 .bss._SEGGER_RTT
                0x20000964       0xa8 ./src/SEGGER_RTT/SEGGER_RTT.o
                0x20000964                _SEGGER_RTT
 .bss.g_rx_fd_data
                0x20000a0c       0x40 ./src/can_fd_ep.o
                0x20000a0c                g_rx_fd_data
 .bss.g_tx_fd_data
                0x20000a4c       0x40 ./src/can_fd_ep.o
                0x20000a4c                g_tx_fd_data
 .bss.g_can_rx_info
                0x20000a8c       0x14 ./src/can_fd_ep.o
                0x20000a8c                g_can_rx_info
 .bss.g_canfd_rx_frame
                0x20000aa0       0x4c ./src/can_fd_ep.o
                0x20000aa0                g_canfd_rx_frame
 .bss.g_canfd_tx_frame
                0x20000aec       0x4c ./src/can_fd_ep.o
                0x20000aec                g_canfd_tx_frame
 .bss.g_canfd_err_status
                0x20000b38        0x1 ./src/hal_entry.o
                0x20000b38                g_canfd_err_status
 .bss.g_canfd_rx_complete
                0x20000b39        0x1 ./src/hal_entry.o
                0x20000b39                g_canfd_rx_complete
 .bss.g_canfd_tx_complete
                0x20000b3a        0x1 ./src/hal_entry.o
                0x20000b3a                g_canfd_tx_complete
 *fill*         0x20000b3b        0x1 
 .bss.g_ioport_ctrl
                0x20000b3c        0x8 ./ra_gen/common_data.o
                0x20000b3c                g_ioport_ctrl
 .bss.g_canfd0_ctrl
                0x20000b44       0x1c ./ra_gen/hal_data.o
                0x20000b44                g_canfd0_ctrl
 .bss.gp_ctrl   0x20000b60        0x8 ./ra/fsp/src/r_canfd/r_canfd.o
 .bss.g_bsp_group_irq_sources
                0x20000b68       0x40 ./ra/fsp/src/bsp/mcu/all/bsp_group_irq.o
                0x20000b68                g_bsp_group_irq_sources
 .bss.g_protect_pfswe_counter
                0x20000ba8        0x4 ./ra/fsp/src/bsp/mcu/all/bsp_io.o
                0x20000ba8                g_protect_pfswe_counter
 .bss.gp_renesas_isr_context
                0x20000bac      0x180 ./ra/fsp/src/bsp/mcu/all/bsp_irq.o
                0x20000bac                gp_renesas_isr_context
 .bss.g_protect_counters
                0x20000d2c        0x8 ./ra/fsp/src/bsp/mcu/all/bsp_register_protection.o
                0x20000d2c                g_protect_counters
 .bss.SystemCoreClock
                0x20000d34        0x4 ./ra/fsp/src/bsp/cmsis/Device/RENESAS/Source/system.o
                0x20000d34                SystemCoreClock
 *(COMMON)
                0x20000d38                        . = ALIGN (0x4)
                0x20000d38                        __bss_end__ = .

.heap           0x20000d38        0x0
                0x20000d38                        . = ALIGN (0x8)
                0x20000d38                        __HeapBase = .
 *(.heap)
                0x20000d38                        __HeapLimit = .

.stack_dummy    0x20000d38      0x400
                0x20000d38                        . = ALIGN (0x8)
                0x20000d38                        __StackLimit = .
 *(.stack)
 .stack         0x20000d38      0x400 ./ra/fsp/src/bsp/cmsis/Device/RENESAS/Source/startup.o
                0x20001138                        __StackTop = .
 *(.stack*)
                0x20001138                        __StackTopAll = .
                0x20001138                        PROVIDE (__stack = __StackTopAll)
                0x20001138                        __RAM_segment_used_end__ = ALIGN (__StackTopAll, 0x4)
                0x20001400                        __tz_RAM_C = DEFINED (RAM_NSC_START)?ABSOLUTE ((RAM_NSC_START - RAM_NS_BUFFER_BLOCK_LENGTH)):__RESERVE_NS_RAM?ABSOLUTE (RAM_NS_BUFFER_BLOCK_START):ALIGN (__RAM_segment_used_end__, 0x400)
                0x20002000                        __tz_RAM_N = DEFINED (RAM_NS_START)?ABSOLUTE ((RAM_NS_START - RAM_NS_BUFFER_BLOCK_LENGTH)):__RESERVE_NS_RAM?ABSOLUTE (RAM_NS_BUFFER_BLOCK_START):ALIGN (__tz_RAM_C, 0x2000)

.ns_buffer      0x20001138        0x0
                0x20001138                        . = __RESERVE_NS_RAM?ABSOLUTE ((RAM_NS_BUFFER_START & 0xffffffe0)):.
 *(.ns_buffer*)

.data_flash     0x08000000        0x0
                0x08000000                        . = ORIGIN (DATA_FLASH)
                0x08000000                        __tz_DATA_FLASH_S = .
                0x08000000                        __Data_Flash_Start = .
 *(.data_flash*)
                0x08000000                        __Data_Flash_End = .
                0x08000000                        __tz_DATA_FLASH_N = DEFINED (DATA_FLASH_NS_START)?ABSOLUTE (DATA_FLASH_NS_START):__RESERVE_NS_RAM?ABSOLUTE ((DATA_FLASH_START + DATA_FLASH_LENGTH)):ALIGN (0x400)
                0x80010000                        __tz_SDRAM_S = ORIGIN (SDRAM)

.sdram          0x80010000        0x0
                0x80010000                        __SDRAM_Start = .
 *(.sdram*)
 *(.frame*)
                0x80010000                        __SDRAM_End = .
                0x80010000                        __tz_SDRAM_N = __SDRAM_End
                0x00000000                        __tz_ID_CODE_S = ORIGIN (ID_CODE)
                0x00000000                        __tz_ID_CODE_N = __tz_ID_CODE_S

.id_code        0x00000000        0x0
                0x00000000                        __ID_Code_Start = .
 *(.id_code*)
                0x00000000                        __ID_Code_End = .
                0x0100a100                        __tz_OPTION_SETTING_S = ORIGIN (OPTION_SETTING_OFS)

.option_setting_ofs
                0x0100a100       0x14
                0x0100a100                        __OPTION_SETTING_OFS_Start = .
 *(.option_setting_ofs0)
 .option_setting_ofs0
                0x0100a100        0x4 ./ra/fsp/src/bsp/mcu/all/bsp_rom_registers.o
                0x0100a104                        . = PROJECT_SECURE_OR_FLAT?(__OPTION_SETTING_OFS_Start + 0x4):__OPTION_SETTING_OFS_Start
 *(.option_setting_ofs2)
                0x0100a110                        . = PROJECT_SECURE_OR_FLAT?(__OPTION_SETTING_OFS_Start + 0x10):__OPTION_SETTING_OFS_Start
 *fill*         0x0100a104        0xc ff
 *(.option_setting_dualsel)
 .option_setting_dualsel
                0x0100a110        0x4 ./ra/fsp/src/bsp/mcu/all/bsp_rom_registers.o
                0x0100a114                        __OPTION_SETTING_OFS_End = .

.option_setting_sas
                0x0100a134        0x4
                0x0100a134                        __OPTION_SETTING_SAS_Start = .
 *(.option_setting_sas)
 .option_setting_sas
                0x0100a134        0x4 ./ra/fsp/src/bsp/mcu/all/bsp_rom_registers.o
                0x0100a138                        __OPTION_SETTING_SAS_End = .
                0x0100a180                        __tz_OPTION_SETTING_N = ABSOLUTE (OPTION_SETTING_START_NS)

.option_setting_ns
                0x0100a100        0x0
                0x0100a100                        __OPTION_SETTING_NS_Start = .
 *(.option_setting_ofs1)
                0x0100a100                        . = USE_OPTION_SETTING_NS?(__OPTION_SETTING_NS_Start + 0x4):__OPTION_SETTING_NS_Start
 *(.option_setting_ofs3)
                0x0100a100                        . = USE_OPTION_SETTING_NS?(__OPTION_SETTING_NS_Start + 0x10):__OPTION_SETTING_NS_Start
 *(.option_setting_banksel)
                0x0100a100                        . = USE_OPTION_SETTING_NS?(__OPTION_SETTING_NS_Start + 0x40):__OPTION_SETTING_NS_Start
 *(.option_setting_bps0)
                0x0100a100                        . = USE_OPTION_SETTING_NS?(__OPTION_SETTING_NS_Start + 0x44):__OPTION_SETTING_NS_Start
 *(.option_setting_bps1)
                0x0100a100                        . = USE_OPTION_SETTING_NS?(__OPTION_SETTING_NS_Start + 0x48):__OPTION_SETTING_NS_Start
 *(.option_setting_bps2)
                0x0100a100                        . = USE_OPTION_SETTING_NS?(__OPTION_SETTING_NS_Start + 0x4c):__OPTION_SETTING_NS_Start
 *(.option_setting_bps3)
                0x0100a100                        . = USE_OPTION_SETTING_NS?(__OPTION_SETTING_NS_Start + 0x60):__OPTION_SETTING_NS_Start
 *(.option_setting_pbps0)
                0x0100a100                        . = USE_OPTION_SETTING_NS?(__OPTION_SETTING_NS_Start + 0x64):__OPTION_SETTING_NS_Start
 *(.option_setting_pbps1)
                0x0100a100                        . = USE_OPTION_SETTING_NS?(__OPTION_SETTING_NS_Start + 0x68):__OPTION_SETTING_NS_Start
 *(.option_setting_pbps2)
                0x0100a100                        . = USE_OPTION_SETTING_NS?(__OPTION_SETTING_NS_Start + 0x6c):__OPTION_SETTING_NS_Start
 *(.option_setting_pbps3)
                0x0100a100                        __OPTION_SETTING_NS_End = .
                0x0100a200                        __tz_OPTION_SETTING_S_S = ORIGIN (OPTION_SETTING_S)

.option_setting_s
                0x0100a200       0xd0
                0x0100a200                        __OPTION_SETTING_S_Start = .
 *(.option_setting_ofs1_sec)
 .option_setting_ofs1_sec
                0x0100a200        0x4 ./ra/fsp/src/bsp/mcu/all/bsp_rom_registers.o
                0x0100a204                        . = PROJECT_SECURE_OR_FLAT?(__OPTION_SETTING_S_Start + 0x4):__OPTION_SETTING_S_Start
 *(.option_setting_ofs3_sec)
                0x0100a210                        . = PROJECT_SECURE_OR_FLAT?(__OPTION_SETTING_S_Start + 0x10):__OPTION_SETTING_S_Start
 *fill*         0x0100a204        0xc ff
 *(.option_setting_banksel_sec)
 .option_setting_banksel_sec
                0x0100a210        0x4 ./ra/fsp/src/bsp/mcu/all/bsp_rom_registers.o
                0x0100a240                        . = PROJECT_SECURE_OR_FLAT?(__OPTION_SETTING_S_Start + 0x40):__OPTION_SETTING_S_Start
 *fill*         0x0100a214       0x2c ff
 *(.option_setting_bps_sec0)
 .option_setting_bps_sec0
                0x0100a240        0x4 ./ra/fsp/src/bsp/mcu/all/bsp_rom_registers.o
                0x0100a244                        . = PROJECT_SECURE_OR_FLAT?(__OPTION_SETTING_S_Start + 0x44):__OPTION_SETTING_S_Start
 *(.option_setting_bps_sec1)
 .option_setting_bps_sec1
                0x0100a244        0x4 ./ra/fsp/src/bsp/mcu/all/bsp_rom_registers.o
                0x0100a248                        . = PROJECT_SECURE_OR_FLAT?(__OPTION_SETTING_S_Start + 0x48):__OPTION_SETTING_S_Start
 *(.option_setting_bps_sec2)
 .option_setting_bps_sec2
                0x0100a248        0x4 ./ra/fsp/src/bsp/mcu/all/bsp_rom_registers.o
                0x0100a24c                        . = PROJECT_SECURE_OR_FLAT?(__OPTION_SETTING_S_Start + 0x4c):__OPTION_SETTING_S_Start
 *(.option_setting_bps_sec3)
 .option_setting_bps_sec3
                0x0100a24c        0x4 ./ra/fsp/src/bsp/mcu/all/bsp_rom_registers.o
                0x0100a260                        . = PROJECT_SECURE_OR_FLAT?(__OPTION_SETTING_S_Start + 0x60):__OPTION_SETTING_S_Start
 *fill*         0x0100a250       0x10 ff
 *(.option_setting_pbps_sec0)
 .option_setting_pbps_sec0
                0x0100a260        0x4 ./ra/fsp/src/bsp/mcu/all/bsp_rom_registers.o
                0x0100a264                        . = PROJECT_SECURE_OR_FLAT?(__OPTION_SETTING_S_Start + 0x64):__OPTION_SETTING_S_Start
 *(.option_setting_pbps_sec1)
 .option_setting_pbps_sec1
                0x0100a264        0x4 ./ra/fsp/src/bsp/mcu/all/bsp_rom_registers.o
                0x0100a268                        . = PROJECT_SECURE_OR_FLAT?(__OPTION_SETTING_S_Start + 0x68):__OPTION_SETTING_S_Start
 *(.option_setting_pbps_sec2)
 .option_setting_pbps_sec2
                0x0100a268        0x4 ./ra/fsp/src/bsp/mcu/all/bsp_rom_registers.o
                0x0100a26c                        . = PROJECT_SECURE_OR_FLAT?(__OPTION_SETTING_S_Start + 0x6c):__OPTION_SETTING_S_Start
 *(.option_setting_pbps_sec3)
 .option_setting_pbps_sec3
                0x0100a26c        0x4 ./ra/fsp/src/bsp/mcu/all/bsp_rom_registers.o
                0x0100a280                        . = PROJECT_SECURE_OR_FLAT?(__OPTION_SETTING_S_Start + 0x80):__OPTION_SETTING_S_Start
 *fill*         0x0100a270       0x10 ff
 *(.option_setting_ofs1_sel)
 .option_setting_ofs1_sel
                0x0100a280        0x4 ./ra/fsp/src/bsp/mcu/all/bsp_rom_registers.o
                0x0100a284                        . = PROJECT_SECURE_OR_FLAT?(__OPTION_SETTING_S_Start + 0x84):__OPTION_SETTING_S_Start
 *(.option_setting_ofs3_sel)
                0x0100a290                        . = PROJECT_SECURE_OR_FLAT?(__OPTION_SETTING_S_Start + 0x90):__OPTION_SETTING_S_Start
 *fill*         0x0100a284        0xc ff
 *(.option_setting_banksel_sel)
 .option_setting_banksel_sel
                0x0100a290        0x4 ./ra/fsp/src/bsp/mcu/all/bsp_rom_registers.o
                0x0100a2c0                        . = PROJECT_SECURE_OR_FLAT?(__OPTION_SETTING_S_Start + 0xc0):__OPTION_SETTING_S_Start
 *fill*         0x0100a294       0x2c ff
 *(.option_setting_bps_sel0)
 .option_setting_bps_sel0
                0x0100a2c0        0x4 ./ra/fsp/src/bsp/mcu/all/bsp_rom_registers.o
                0x0100a2c4                        . = PROJECT_SECURE_OR_FLAT?(__OPTION_SETTING_S_Start + 0xc4):__OPTION_SETTING_S_Start
 *(.option_setting_bps_sel1)
 .option_setting_bps_sel1
                0x0100a2c4        0x4 ./ra/fsp/src/bsp/mcu/all/bsp_rom_registers.o
                0x0100a2c8                        . = PROJECT_SECURE_OR_FLAT?(__OPTION_SETTING_S_Start + 0xc8):__OPTION_SETTING_S_Start
 *(.option_setting_bps_sel2)
 .option_setting_bps_sel2
                0x0100a2c8        0x4 ./ra/fsp/src/bsp/mcu/all/bsp_rom_registers.o
                0x0100a2cc                        . = PROJECT_SECURE_OR_FLAT?(__OPTION_SETTING_S_Start + 0xcc):__OPTION_SETTING_S_Start
 *(.option_setting_bps_sel3)
 .option_setting_bps_sel3
                0x0100a2cc        0x4 ./ra/fsp/src/bsp/mcu/all/bsp_rom_registers.o
                0x0100a2d0                        __OPTION_SETTING_S_End = .
                0x0100a2d0                        __tz_OPTION_SETTING_S_N = __OPTION_SETTING_S_End
OUTPUT(can_fd_ek_ra6m5_ep.elf elf32-littlearm)
LOAD linker stubs

.rel.dyn        0x0100a2d0        0x0
 .rel.iplt      0x0100a2d0        0x0 c:/renesas/ra/e2studio_v2023-10_fsp_v5.0.0-beta.2/toolchains/gcc_arm/12.2.mpacbti-rel1/bin/../lib/gcc/arm-none-eabi/12.2.1/thumb/v8-m.main+fp/hard/crtbegin.o

.ARM.attributes
                0x00000000       0x36
 .ARM.attributes
                0x00000000       0x26 c:/renesas/ra/e2studio_v2023-10_fsp_v5.0.0-beta.2/toolchains/gcc_arm/12.2.mpacbti-rel1/bin/../lib/gcc/arm-none-eabi/12.2.1/thumb/v8-m.main+fp/hard/crti.o
 .ARM.attributes
                0x00000026       0x38 c:/renesas/ra/e2studio_v2023-10_fsp_v5.0.0-beta.2/toolchains/gcc_arm/12.2.mpacbti-rel1/bin/../lib/gcc/arm-none-eabi/12.2.1/thumb/v8-m.main+fp/hard/crtbegin.o
 .ARM.attributes
                0x0000005e       0x3a ./src/SEGGER_RTT/SEGGER_RTT.o
 .ARM.attributes
                0x00000098       0x3a ./src/SEGGER_RTT/SEGGER_RTT_printf.o
 .ARM.attributes
                0x000000d2       0x3a ./src/can_fd_ep.o
 .ARM.attributes
                0x0000010c       0x3a ./src/hal_entry.o
 .ARM.attributes
                0x00000146       0x3a ./ra_gen/common_data.o
 .ARM.attributes
                0x00000180       0x3a ./ra_gen/hal_data.o
 .ARM.attributes
                0x000001ba       0x3a ./ra_gen/main.o
 .ARM.attributes
                0x000001f4       0x3a ./ra_gen/pin_data.o
 .ARM.attributes
                0x0000022e       0x3a ./ra_gen/vector_data.o
 .ARM.attributes
                0x00000268       0x3a ./ra/fsp/src/r_ioport/r_ioport.o
 .ARM.attributes
                0x000002a2       0x3a ./ra/fsp/src/r_canfd/r_canfd.o
 .ARM.attributes
                0x000002dc       0x3a ./ra/fsp/src/bsp/mcu/all/bsp_clocks.o
 .ARM.attributes
                0x00000316       0x3a ./ra/fsp/src/bsp/mcu/all/bsp_common.o
 .ARM.attributes
                0x00000350       0x3a ./ra/fsp/src/bsp/mcu/all/bsp_delay.o
 .ARM.attributes
                0x0000038a       0x3a ./ra/fsp/src/bsp/mcu/all/bsp_group_irq.o
 .ARM.attributes
                0x000003c4       0x3a ./ra/fsp/src/bsp/mcu/all/bsp_io.o
 .ARM.attributes
                0x000003fe       0x3a ./ra/fsp/src/bsp/mcu/all/bsp_irq.o
 .ARM.attributes
                0x00000438       0x3a ./ra/fsp/src/bsp/mcu/all/bsp_register_protection.o
 .ARM.attributes
                0x00000472       0x3a ./ra/fsp/src/bsp/mcu/all/bsp_rom_registers.o
 .ARM.attributes
                0x000004ac       0x3a ./ra/fsp/src/bsp/cmsis/Device/RENESAS/Source/startup.o
 .ARM.attributes
                0x000004e6       0x3a ./ra/fsp/src/bsp/cmsis/Device/RENESAS/Source/system.o
 .ARM.attributes
                0x00000520       0x3a ./ra/board/ra6m5_ek/board_init.o
 .ARM.attributes
                0x0000055a       0x3a ./ra/board/ra6m5_ek/board_leds.o
 .ARM.attributes
                0x00000594       0x38 c:/renesas/ra/e2studio_v2023-10_fsp_v5.0.0-beta.2/toolchains/gcc_arm/12.2.mpacbti-rel1/bin/../lib/gcc/arm-none-eabi/12.2.1/thumb/v8-m.main+fp/hard\libg_nano.a(libc_a-memset.o)
 .ARM.attributes
                0x000005cc       0x38 c:/renesas/ra/e2studio_v2023-10_fsp_v5.0.0-beta.2/toolchains/gcc_arm/12.2.mpacbti-rel1/bin/../lib/gcc/arm-none-eabi/12.2.1/thumb/v8-m.main+fp/hard\libg_nano.a(libc_a-strncmp.o)
 .ARM.attributes
                0x00000604       0x38 c:/renesas/ra/e2studio_v2023-10_fsp_v5.0.0-beta.2/toolchains/gcc_arm/12.2.mpacbti-rel1/bin/../lib/gcc/arm-none-eabi/12.2.1/thumb/v8-m.main+fp/hard\libg_nano.a(libc_a-memcpy-stub.o)
 .ARM.attributes
                0x0000063c       0x24 c:/renesas/ra/e2studio_v2023-10_fsp_v5.0.0-beta.2/toolchains/gcc_arm/12.2.mpacbti-rel1/bin/../lib/gcc/arm-none-eabi/12.2.1/thumb/v8-m.main+fp/hard\libg_nano.a(libc_a-strlen.o)
 .ARM.attributes
                0x00000660       0x38 c:/renesas/ra/e2studio_v2023-10_fsp_v5.0.0-beta.2/toolchains/gcc_arm/12.2.mpacbti-rel1/bin/../lib/gcc/arm-none-eabi/12.2.1/thumb/v8-m.main+fp/hard/crtend.o
 .ARM.attributes
                0x00000698       0x26 c:/renesas/ra/e2studio_v2023-10_fsp_v5.0.0-beta.2/toolchains/gcc_arm/12.2.mpacbti-rel1/bin/../lib/gcc/arm-none-eabi/12.2.1/thumb/v8-m.main+fp/hard/crtn.o

.comment        0x00000000       0x55
 .comment       0x00000000       0x55 ./src/SEGGER_RTT/SEGGER_RTT.o
                                 0x56 (size before relaxing)
 .comment       0x00000055       0x56 ./src/SEGGER_RTT/SEGGER_RTT_printf.o
 .comment       0x00000055       0x56 ./src/can_fd_ep.o
 .comment       0x00000055       0x56 ./src/hal_entry.o
 .comment       0x00000055       0x56 ./ra_gen/common_data.o
 .comment       0x00000055       0x56 ./ra_gen/hal_data.o
 .comment       0x00000055       0x56 ./ra_gen/main.o
 .comment       0x00000055       0x56 ./ra_gen/pin_data.o
 .comment       0x00000055       0x56 ./ra_gen/vector_data.o
 .comment       0x00000055       0x56 ./ra/fsp/src/r_ioport/r_ioport.o
 .comment       0x00000055       0x56 ./ra/fsp/src/r_canfd/r_canfd.o
 .comment       0x00000055       0x56 ./ra/fsp/src/bsp/mcu/all/bsp_clocks.o
 .comment       0x00000055       0x56 ./ra/fsp/src/bsp/mcu/all/bsp_common.o
 .comment       0x00000055       0x56 ./ra/fsp/src/bsp/mcu/all/bsp_delay.o
 .comment       0x00000055       0x56 ./ra/fsp/src/bsp/mcu/all/bsp_group_irq.o
 .comment       0x00000055       0x56 ./ra/fsp/src/bsp/mcu/all/bsp_io.o
 .comment       0x00000055       0x56 ./ra/fsp/src/bsp/mcu/all/bsp_irq.o
 .comment       0x00000055       0x56 ./ra/fsp/src/bsp/mcu/all/bsp_register_protection.o
 .comment       0x00000055       0x56 ./ra/fsp/src/bsp/mcu/all/bsp_rom_registers.o
 .comment       0x00000055       0x56 ./ra/fsp/src/bsp/cmsis/Device/RENESAS/Source/startup.o
 .comment       0x00000055       0x56 ./ra/fsp/src/bsp/cmsis/Device/RENESAS/Source/system.o
 .comment       0x00000055       0x56 ./ra/board/ra6m5_ek/board_init.o
 .comment       0x00000055       0x56 ./ra/board/ra6m5_ek/board_leds.o

.debug_info     0x00000000    0x3477e
 .debug_info    0x00000000     0x2249 ./src/SEGGER_RTT/SEGGER_RTT.o
 .debug_info    0x00002249      0x6ac ./src/SEGGER_RTT/SEGGER_RTT_printf.o
 .debug_info    0x000028f5     0x53a0 ./src/can_fd_ep.o
 .debug_info    0x00007c95     0x5403 ./src/hal_entry.o
 .debug_info    0x0000d098     0x11d4 ./ra_gen/common_data.o
 .debug_info    0x0000e26c     0x4af4 ./ra_gen/hal_data.o
 .debug_info    0x00012d60       0x9c ./ra_gen/main.o
 .debug_info    0x00012dfc      0x9f7 ./ra_gen/pin_data.o
 .debug_info    0x000137f3      0x86f ./ra_gen/vector_data.o
 .debug_info    0x00014062     0x6bb5 ./ra/fsp/src/r_ioport/r_ioport.o
 .debug_info    0x0001ac17     0xbff8 ./ra/fsp/src/r_canfd/r_canfd.o
 .debug_info    0x00026c0f     0x5562 ./ra/fsp/src/bsp/mcu/all/bsp_clocks.o
 .debug_info    0x0002c171      0x903 ./ra/fsp/src/bsp/mcu/all/bsp_common.o
 .debug_info    0x0002ca74      0x1c4 ./ra/fsp/src/bsp/mcu/all/bsp_delay.o
 .debug_info    0x0002cc38     0x125f ./ra/fsp/src/bsp/mcu/all/bsp_group_irq.o
 .debug_info    0x0002de97       0xa4 ./ra/fsp/src/bsp/mcu/all/bsp_io.o
 .debug_info    0x0002df3b     0x1c58 ./ra/fsp/src/bsp/mcu/all/bsp_irq.o
 .debug_info    0x0002fb93     0x3772 ./ra/fsp/src/bsp/mcu/all/bsp_register_protection.o
 .debug_info    0x00033305      0x1cc ./ra/fsp/src/bsp/mcu/all/bsp_rom_registers.o
 .debug_info    0x000334d1      0x15a ./ra/fsp/src/bsp/cmsis/Device/RENESAS/Source/startup.o
 .debug_info    0x0003362b      0x92c ./ra/fsp/src/bsp/cmsis/Device/RENESAS/Source/system.o
 .debug_info    0x00033f57       0x97 ./ra/board/ra6m5_ek/board_init.o
 .debug_info    0x00033fee      0x790 ./ra/board/ra6m5_ek/board_leds.o

.debug_abbrev   0x00000000     0x32a7
 .debug_abbrev  0x00000000      0x36c ./src/SEGGER_RTT/SEGGER_RTT.o
 .debug_abbrev  0x0000036c      0x2b7 ./src/SEGGER_RTT/SEGGER_RTT_printf.o
 .debug_abbrev  0x00000623      0x4d5 ./src/can_fd_ep.o
 .debug_abbrev  0x00000af8      0x39b ./src/hal_entry.o
 .debug_abbrev  0x00000e93      0x159 ./ra_gen/common_data.o
 .debug_abbrev  0x00000fec      0x2c1 ./ra_gen/hal_data.o
 .debug_abbrev  0x000012ad       0x61 ./ra_gen/main.o
 .debug_abbrev  0x0000130e       0xe3 ./ra_gen/pin_data.o
 .debug_abbrev  0x000013f1       0xbd ./ra_gen/vector_data.o
 .debug_abbrev  0x000014ae      0x4ab ./ra/fsp/src/r_ioport/r_ioport.o
 .debug_abbrev  0x00001959      0x629 ./ra/fsp/src/r_canfd/r_canfd.o
 .debug_abbrev  0x00001f82      0x3e4 ./ra/fsp/src/bsp/mcu/all/bsp_clocks.o
 .debug_abbrev  0x00002366      0x175 ./ra/fsp/src/bsp/mcu/all/bsp_common.o
 .debug_abbrev  0x000024db      0x10b ./ra/fsp/src/bsp/mcu/all/bsp_delay.o
 .debug_abbrev  0x000025e6      0x254 ./ra/fsp/src/bsp/mcu/all/bsp_group_irq.o
 .debug_abbrev  0x0000283a       0x5e ./ra/fsp/src/bsp/mcu/all/bsp_io.o
 .debug_abbrev  0x00002898      0x271 ./ra/fsp/src/bsp/mcu/all/bsp_irq.o
 .debug_abbrev  0x00002b09      0x27d ./ra/fsp/src/bsp/mcu/all/bsp_register_protection.o
 .debug_abbrev  0x00002d86       0x4e ./ra/fsp/src/bsp/mcu/all/bsp_rom_registers.o
 .debug_abbrev  0x00002dd4       0xf5 ./ra/fsp/src/bsp/cmsis/Device/RENESAS/Source/startup.o
 .debug_abbrev  0x00002ec9      0x2bd ./ra/fsp/src/bsp/cmsis/Device/RENESAS/Source/system.o
 .debug_abbrev  0x00003186       0x5b ./ra/board/ra6m5_ek/board_init.o
 .debug_abbrev  0x000031e1       0xc6 ./ra/board/ra6m5_ek/board_leds.o

.debug_loclists
                0x00000000     0x53d0
 .debug_loclists
                0x00000000     0x1be9 ./src/SEGGER_RTT/SEGGER_RTT.o
 .debug_loclists
                0x00001be9      0x629 ./src/SEGGER_RTT/SEGGER_RTT_printf.o
 .debug_loclists
                0x00002212      0x1d6 ./src/can_fd_ep.o
 .debug_loclists
                0x000023e8       0x4d ./src/hal_entry.o
 .debug_loclists
                0x00002435      0xec6 ./ra/fsp/src/r_ioport/r_ioport.o
 .debug_loclists
                0x000032fb     0x1b07 ./ra/fsp/src/r_canfd/r_canfd.o
 .debug_loclists
                0x00004e02      0x236 ./ra/fsp/src/bsp/mcu/all/bsp_clocks.o
 .debug_loclists
                0x00005038       0x2e ./ra/fsp/src/bsp/mcu/all/bsp_common.o
 .debug_loclists
                0x00005066      0x110 ./ra/fsp/src/bsp/mcu/all/bsp_delay.o
 .debug_loclists
                0x00005176       0x73 ./ra/fsp/src/bsp/mcu/all/bsp_group_irq.o
 .debug_loclists
                0x000051e9       0xbd ./ra/fsp/src/bsp/mcu/all/bsp_irq.o
 .debug_loclists
                0x000052a6       0xa1 ./ra/fsp/src/bsp/mcu/all/bsp_register_protection.o
 .debug_loclists
                0x00005347       0x89 ./ra/fsp/src/bsp/cmsis/Device/RENESAS/Source/system.o

.debug_aranges  0x00000000      0x568
 .debug_aranges
                0x00000000      0x128 ./src/SEGGER_RTT/SEGGER_RTT.o
 .debug_aranges
                0x00000128       0x38 ./src/SEGGER_RTT/SEGGER_RTT_printf.o
 .debug_aranges
                0x00000160       0x48 ./src/can_fd_ep.o
 .debug_aranges
                0x000001a8       0x28 ./src/hal_entry.o
 .debug_aranges
                0x000001d0       0x20 ./ra_gen/common_data.o
 .debug_aranges
                0x000001f0       0x20 ./ra_gen/hal_data.o
 .debug_aranges
                0x00000210       0x20 ./ra_gen/main.o
 .debug_aranges
                0x00000230       0x18 ./ra_gen/pin_data.o
 .debug_aranges
                0x00000248       0x18 ./ra_gen/vector_data.o
 .debug_aranges
                0x00000260       0x90 ./ra/fsp/src/r_ioport/r_ioport.o
 .debug_aranges
                0x000002f0       0x88 ./ra/fsp/src/r_canfd/r_canfd.o
 .debug_aranges
                0x00000378       0x70 ./ra/fsp/src/bsp/mcu/all/bsp_clocks.o
 .debug_aranges
                0x000003e8       0x30 ./ra/fsp/src/bsp/mcu/all/bsp_common.o
 .debug_aranges
                0x00000418       0x28 ./ra/fsp/src/bsp/mcu/all/bsp_delay.o
 .debug_aranges
                0x00000440       0x28 ./ra/fsp/src/bsp/mcu/all/bsp_group_irq.o
 .debug_aranges
                0x00000468       0x18 ./ra/fsp/src/bsp/mcu/all/bsp_io.o
 .debug_aranges
                0x00000480       0x20 ./ra/fsp/src/bsp/mcu/all/bsp_irq.o
 .debug_aranges
                0x000004a0       0x28 ./ra/fsp/src/bsp/mcu/all/bsp_register_protection.o
 .debug_aranges
                0x000004c8       0x18 ./ra/fsp/src/bsp/mcu/all/bsp_rom_registers.o
 .debug_aranges
                0x000004e0       0x28 ./ra/fsp/src/bsp/cmsis/Device/RENESAS/Source/startup.o
 .debug_aranges
                0x00000508       0x28 ./ra/fsp/src/bsp/cmsis/Device/RENESAS/Source/system.o
 .debug_aranges
                0x00000530       0x20 ./ra/board/ra6m5_ek/board_init.o
 .debug_aranges
                0x00000550       0x18 ./ra/board/ra6m5_ek/board_leds.o

.debug_rnglists
                0x00000000      0xaf9
 .debug_rnglists
                0x00000000      0x2ef ./src/SEGGER_RTT/SEGGER_RTT.o
 .debug_rnglists
                0x000002ef       0x4c ./src/SEGGER_RTT/SEGGER_RTT_printf.o
 .debug_rnglists
                0x0000033b       0xa7 ./src/can_fd_ep.o
 .debug_rnglists
                0x000003e2       0x29 ./src/hal_entry.o
 .debug_rnglists
                0x0000040b       0x13 ./ra_gen/common_data.o
 .debug_rnglists
                0x0000041e       0x13 ./ra_gen/hal_data.o
 .debug_rnglists
                0x00000431       0x13 ./ra_gen/main.o
 .debug_rnglists
                0x00000444      0x132 ./ra/fsp/src/r_ioport/r_ioport.o
 .debug_rnglists
                0x00000576      0x394 ./ra/fsp/src/r_canfd/r_canfd.o
 .debug_rnglists
                0x0000090a       0xbf ./ra/fsp/src/bsp/mcu/all/bsp_clocks.o
 .debug_rnglists
                0x000009c9       0x1f ./ra/fsp/src/bsp/mcu/all/bsp_common.o
 .debug_rnglists
                0x000009e8       0x19 ./ra/fsp/src/bsp/mcu/all/bsp_delay.o
 .debug_rnglists
                0x00000a01       0x37 ./ra/fsp/src/bsp/mcu/all/bsp_group_irq.o
 .debug_rnglists
                0x00000a38       0x3e ./ra/fsp/src/bsp/mcu/all/bsp_irq.o
 .debug_rnglists
                0x00000a76       0x31 ./ra/fsp/src/bsp/mcu/all/bsp_register_protection.o
 .debug_rnglists
                0x00000aa7       0x19 ./ra/fsp/src/bsp/cmsis/Device/RENESAS/Source/startup.o
 .debug_rnglists
                0x00000ac0       0x26 ./ra/fsp/src/bsp/cmsis/Device/RENESAS/Source/system.o
 .debug_rnglists
                0x00000ae6       0x13 ./ra/board/ra6m5_ek/board_init.o

.debug_line     0x00000000     0x90f7
 .debug_line    0x00000000     0x1a08 ./src/SEGGER_RTT/SEGGER_RTT.o
 .debug_line    0x00001a08      0x74e ./src/SEGGER_RTT/SEGGER_RTT_printf.o
 .debug_line    0x00002156      0x9da ./src/can_fd_ep.o
 .debug_line    0x00002b30      0x5d0 ./src/hal_entry.o
 .debug_line    0x00003100      0x2e3 ./ra_gen/common_data.o
 .debug_line    0x000033e3      0x312 ./ra_gen/hal_data.o
 .debug_line    0x000036f5       0x5e ./ra_gen/main.o
 .debug_line    0x00003753      0x1f2 ./ra_gen/pin_data.o
 .debug_line    0x00003945      0x150 ./ra_gen/vector_data.o
 .debug_line    0x00003a95      0xddd ./ra/fsp/src/r_ioport/r_ioport.o
 .debug_line    0x00004872     0x1ecc ./ra/fsp/src/r_canfd/r_canfd.o
 .debug_line    0x0000673e      0xa23 ./ra/fsp/src/bsp/mcu/all/bsp_clocks.o
 .debug_line    0x00007161      0x302 ./ra/fsp/src/bsp/mcu/all/bsp_common.o
 .debug_line    0x00007463      0x2d2 ./ra/fsp/src/bsp/mcu/all/bsp_delay.o
 .debug_line    0x00007735      0x345 ./ra/fsp/src/bsp/mcu/all/bsp_group_irq.o
 .debug_line    0x00007a7a      0x1a6 ./ra/fsp/src/bsp/mcu/all/bsp_io.o
 .debug_line    0x00007c20      0x564 ./ra/fsp/src/bsp/mcu/all/bsp_irq.o
 .debug_line    0x00008184      0x3e7 ./ra/fsp/src/bsp/mcu/all/bsp_register_protection.o
 .debug_line    0x0000856b      0x155 ./ra/fsp/src/bsp/mcu/all/bsp_rom_registers.o
 .debug_line    0x000086c0      0x22a ./ra/fsp/src/bsp/cmsis/Device/RENESAS/Source/startup.o
 .debug_line    0x000088ea      0x5b3 ./ra/fsp/src/bsp/cmsis/Device/RENESAS/Source/system.o
 .debug_line    0x00008e9d       0x5a ./ra/board/ra6m5_ek/board_init.o
 .debug_line    0x00008ef7      0x200 ./ra/board/ra6m5_ek/board_leds.o

.debug_str      0x00000000     0xc60b
 .debug_str     0x00000000      0x65e ./src/SEGGER_RTT/SEGGER_RTT.o
                                0x6ef (size before relaxing)
 .debug_str     0x0000065e      0x120 ./src/SEGGER_RTT/SEGGER_RTT_printf.o
                                0x2ff (size before relaxing)
 .debug_str     0x0000077e     0x4938 ./src/can_fd_ep.o
                               0x4bdc (size before relaxing)
 .debug_str     0x000050b6      0x6e0 ./src/hal_entry.o
                               0x5109 (size before relaxing)
 .debug_str     0x00005796      0x22b ./ra_gen/common_data.o
                               0x324e (size before relaxing)
 .debug_str     0x000059c1      0x207 ./ra_gen/hal_data.o
                               0x3b1f (size before relaxing)
 .debug_str     0x00005bc8       0x16 ./ra_gen/main.o
                                0x1ac (size before relaxing)
 .debug_str     0x00005bde      0x648 ./ra_gen/pin_data.o
                               0x1d34 (size before relaxing)
 .debug_str     0x00006226     0x1b76 ./ra_gen/vector_data.o
                               0x1d02 (size before relaxing)
 .debug_str     0x00007d9c     0x1ded ./ra/fsp/src/r_ioport/r_ioport.o
                               0x570d (size before relaxing)
 .debug_str     0x00009b89     0x13ec ./ra/fsp/src/r_canfd/r_canfd.o
                               0x657d (size before relaxing)
 .debug_str     0x0000af75      0xb51 ./ra/fsp/src/bsp/mcu/all/bsp_clocks.o
                               0x25e6 (size before relaxing)
 .debug_str     0x0000bac6       0x94 ./ra/fsp/src/bsp/mcu/all/bsp_common.o
                               0x1b62 (size before relaxing)
 .debug_str     0x0000bb5a       0x9f ./ra/fsp/src/bsp/mcu/all/bsp_delay.o
                                0x2db (size before relaxing)
 .debug_str     0x0000bbf9      0x1de ./ra/fsp/src/bsp/mcu/all/bsp_group_irq.o
                               0x206d (size before relaxing)
 .debug_str     0x0000bdd7       0x23 ./ra/fsp/src/bsp/mcu/all/bsp_io.o
                                0x1db (size before relaxing)
 .debug_str     0x0000bdfa      0x36f ./ra/fsp/src/bsp/mcu/all/bsp_irq.o
                               0x2582 (size before relaxing)
 .debug_str     0x0000c169       0x76 ./ra/fsp/src/bsp/mcu/all/bsp_register_protection.o
                               0x1a92 (size before relaxing)
 .debug_str     0x0000c1df      0x197 ./ra/fsp/src/bsp/mcu/all/bsp_rom_registers.o
                                0x337 (size before relaxing)
 .debug_str     0x0000c376       0x8c ./ra/fsp/src/bsp/cmsis/Device/RENESAS/Source/startup.o
                                0x243 (size before relaxing)
 .debug_str     0x0000c402      0x1b6 ./ra/fsp/src/bsp/cmsis/Device/RENESAS/Source/system.o
                                0x646 (size before relaxing)
 .debug_str     0x0000c5b8       0x22 ./ra/board/ra6m5_ek/board_init.o
                                0x1be (size before relaxing)
 .debug_str     0x0000c5da       0x31 ./ra/board/ra6m5_ek/board_leds.o
                               0x16b8 (size before relaxing)

.debug_frame    0x00000000      0xdd4
 .debug_frame   0x00000000      0x42c ./src/SEGGER_RTT/SEGGER_RTT.o
 .debug_frame   0x0000042c       0xb8 ./src/SEGGER_RTT/SEGGER_RTT_printf.o
 .debug_frame   0x000004e4       0xf0 ./src/can_fd_ep.o
 .debug_frame   0x000005d4       0x44 ./src/hal_entry.o
 .debug_frame   0x00000618       0x20 ./ra_gen/common_data.o
 .debug_frame   0x00000638       0x20 ./ra_gen/hal_data.o
 .debug_frame   0x00000658       0x28 ./ra_gen/main.o
 .debug_frame   0x00000680      0x1b4 ./ra/fsp/src/r_ioport/r_ioport.o
 .debug_frame   0x00000834      0x25c ./ra/fsp/src/r_canfd/r_canfd.o
 .debug_frame   0x00000a90       0xfc ./ra/fsp/src/bsp/mcu/all/bsp_clocks.o
 .debug_frame   0x00000b8c       0x40 ./ra/fsp/src/bsp/mcu/all/bsp_common.o
 .debug_frame   0x00000bcc       0x48 ./ra/fsp/src/bsp/mcu/all/bsp_delay.o
 .debug_frame   0x00000c14       0x3c ./ra/fsp/src/bsp/mcu/all/bsp_group_irq.o
 .debug_frame   0x00000c50       0x30 ./ra/fsp/src/bsp/mcu/all/bsp_irq.o
 .debug_frame   0x00000c80       0x48 ./ra/fsp/src/bsp/mcu/all/bsp_register_protection.o
 .debug_frame   0x00000cc8       0x38 ./ra/fsp/src/bsp/cmsis/Device/RENESAS/Source/startup.o
 .debug_frame   0x00000d00       0x44 ./ra/fsp/src/bsp/cmsis/Device/RENESAS/Source/system.o
 .debug_frame   0x00000d44       0x20 ./ra/board/ra6m5_ek/board_init.o
 .debug_frame   0x00000d64       0x20 c:/renesas/ra/e2studio_v2023-10_fsp_v5.0.0-beta.2/toolchains/gcc_arm/12.2.mpacbti-rel1/bin/../lib/gcc/arm-none-eabi/12.2.1/thumb/v8-m.main+fp/hard\libg_nano.a(libc_a-memset.o)
 .debug_frame   0x00000d84       0x28 c:/renesas/ra/e2studio_v2023-10_fsp_v5.0.0-beta.2/toolchains/gcc_arm/12.2.mpacbti-rel1/bin/../lib/gcc/arm-none-eabi/12.2.1/thumb/v8-m.main+fp/hard\libg_nano.a(libc_a-strncmp.o)
 .debug_frame   0x00000dac       0x28 c:/renesas/ra/e2studio_v2023-10_fsp_v5.0.0-beta.2/toolchains/gcc_arm/12.2.mpacbti-rel1/bin/../lib/gcc/arm-none-eabi/12.2.1/thumb/v8-m.main+fp/hard\libg_nano.a(libc_a-memcpy-stub.o)

.debug_line_str
                0x00000000       0xff
 .debug_line_str
                0x00000000       0xff c:/renesas/ra/e2studio_v2023-10_fsp_v5.0.0-beta.2/toolchains/gcc_arm/12.2.mpacbti-rel1/bin/../lib/gcc/arm-none-eabi/12.2.1/thumb/v8-m.main+fp/hard\libg_nano.a(libc_a-strlen.o)
